// Jest Snapshot v1, https://goo.gl/fbAQLP

exports[`Contacte render must be called and it works properly -CONTACT- 1`] = `
ShallowWrapper {
  Symbol(enzyme.__root__): [Circular],
  Symbol(enzyme.__unrendered__): <Contacte />,
  Symbol(enzyme.__renderer__): Object {
    "batchedUpdates": [Function],
    "getNode": [Function],
    "render": [Function],
    "simulateError": [Function],
    "simulateEvent": [Function],
    "unmount": [Function],
  },
  Symbol(enzyme.__node__): Object {
    "instance": null,
    "key": undefined,
    "nodeType": "host",
    "props": Object {
      "children": Array [
        <div
          className="col-md-6 form-group"
        >
          <h1>
             
          </h1>
          <form
            name="contacto"
          >
            <div
              className="form-group"
            >
              <input
                aria-label="Nombre"
                className="form-control"
                name="nombre"
                required=""
                type="text"
              />
            </div>
            <div
              className="form-group"
            >
              <input
                aria-label="Telefono"
                className="form-control"
                name="telefono"
                type="text"
              />
            </div>
            <div
              className="form-group"
            >
              <input
                aria-label="Email"
                className="form-control"
                name="email"
                required=""
                type="email"
              />
            </div>
            <div
              className="form-group"
            >
              <textarea
                aria-label="Mensaje"
                className="form-control"
                name="mensaje"
                required=""
                rows="9"
              />
            </div>
            <button
              className="btn btn-primary"
              type="button"
            />
          </form>
        </div>,
        <div
          className="col-md-6"
        >
          <div
            className="mapouter"
            styles="overflow:hidden;height:500px;width:100%;"
          >
            <div
              className="gmap_canvas"
              styles="background:none!important;height:500px;width:100%;"
            >
              <iframe
                frameBorder="0"
                height="500"
                id="gmap_canvas"
                marginHeight="0"
                marginWidth="0"
                scrolling="no"
                src="https://maps.google.com/maps?q=Wifibytes%2C%20Bocairente%2C%20Espa%C3%B1a&t=&z=17&ie=UTF8&iwloc=&output=embed"
                width="100%"
              />
            </div>
          </div>
          <p>
             
            , 
            , -
            - (
            ) 
             
          </p>
        </div>,
      ],
      "className": "row mt-25 p-5",
    },
    "ref": null,
    "rendered": Array [
      Object {
        "instance": null,
        "key": undefined,
        "nodeType": "host",
        "props": Object {
          "children": Array [
            <h1>
               
            </h1>,
            <form
              name="contacto"
            >
              <div
                className="form-group"
              >
                <input
                  aria-label="Nombre"
                  className="form-control"
                  name="nombre"
                  required=""
                  type="text"
                />
              </div>
              <div
                className="form-group"
              >
                <input
                  aria-label="Telefono"
                  className="form-control"
                  name="telefono"
                  type="text"
                />
              </div>
              <div
                className="form-group"
              >
                <input
                  aria-label="Email"
                  className="form-control"
                  name="email"
                  required=""
                  type="email"
                />
              </div>
              <div
                className="form-group"
              >
                <textarea
                  aria-label="Mensaje"
                  className="form-control"
                  name="mensaje"
                  required=""
                  rows="9"
                />
              </div>
              <button
                className="btn btn-primary"
                type="button"
              />
            </form>,
          ],
          "className": "col-md-6 form-group",
        },
        "ref": null,
        "rendered": Array [
          Object {
            "instance": null,
            "key": undefined,
            "nodeType": "host",
            "props": Object {
              "children": Array [
                undefined,
                " ",
                undefined,
              ],
            },
            "ref": null,
            "rendered": Array [
              undefined,
              " ",
              undefined,
            ],
            "type": "h1",
          },
          Object {
            "instance": null,
            "key": undefined,
            "nodeType": "host",
            "props": Object {
              "children": Array [
                <div
                  className="form-group"
                >
                  <input
                    aria-label="Nombre"
                    className="form-control"
                    name="nombre"
                    required=""
                    type="text"
                  />
                </div>,
                <div
                  className="form-group"
                >
                  <input
                    aria-label="Telefono"
                    className="form-control"
                    name="telefono"
                    type="text"
                  />
                </div>,
                <div
                  className="form-group"
                >
                  <input
                    aria-label="Email"
                    className="form-control"
                    name="email"
                    required=""
                    type="email"
                  />
                </div>,
                <div
                  className="form-group"
                >
                  <textarea
                    aria-label="Mensaje"
                    className="form-control"
                    name="mensaje"
                    required=""
                    rows="9"
                  />
                </div>,
                <button
                  className="btn btn-primary"
                  type="button"
                />,
              ],
              "name": "contacto",
            },
            "ref": null,
            "rendered": Array [
              Object {
                "instance": null,
                "key": undefined,
                "nodeType": "host",
                "props": Object {
                  "children": <input
                    aria-label="Nombre"
                    className="form-control"
                    name="nombre"
                    required=""
                    type="text"
                  />,
                  "className": "form-group",
                },
                "ref": null,
                "rendered": Object {
                  "instance": null,
                  "key": undefined,
                  "nodeType": "host",
                  "props": Object {
                    "aria-label": "Nombre",
                    "className": "form-control",
                    "name": "nombre",
                    "placeholder": undefined,
                    "required": "",
                    "type": "text",
                  },
                  "ref": null,
                  "rendered": null,
                  "type": "input",
                },
                "type": "div",
              },
              Object {
                "instance": null,
                "key": undefined,
                "nodeType": "host",
                "props": Object {
                  "children": <input
                    aria-label="Telefono"
                    className="form-control"
                    name="telefono"
                    type="text"
                  />,
                  "className": "form-group",
                },
                "ref": null,
                "rendered": Object {
                  "instance": null,
                  "key": undefined,
                  "nodeType": "host",
                  "props": Object {
                    "aria-label": "Telefono",
                    "className": "form-control",
                    "name": "telefono",
                    "placeholder": undefined,
                    "type": "text",
                  },
                  "ref": null,
                  "rendered": null,
                  "type": "input",
                },
                "type": "div",
              },
              Object {
                "instance": null,
                "key": undefined,
                "nodeType": "host",
                "props": Object {
                  "children": <input
                    aria-label="Email"
                    className="form-control"
                    name="email"
                    required=""
                    type="email"
                  />,
                  "className": "form-group",
                },
                "ref": null,
                "rendered": Object {
                  "instance": null,
                  "key": undefined,
                  "nodeType": "host",
                  "props": Object {
                    "aria-label": "Email",
                    "className": "form-control",
                    "name": "email",
                    "placeholder": undefined,
                    "required": "",
                    "type": "email",
                  },
                  "ref": null,
                  "rendered": null,
                  "type": "input",
                },
                "type": "div",
              },
              Object {
                "instance": null,
                "key": undefined,
                "nodeType": "host",
                "props": Object {
                  "children": <textarea
                    aria-label="Mensaje"
                    className="form-control"
                    name="mensaje"
                    required=""
                    rows="9"
                  />,
                  "className": "form-group",
                },
                "ref": null,
                "rendered": Object {
                  "instance": null,
                  "key": undefined,
                  "nodeType": "host",
                  "props": Object {
                    "aria-label": "Mensaje",
                    "className": "form-control",
                    "defaultValue": undefined,
                    "name": "mensaje",
                    "required": "",
                    "rows": "9",
                  },
                  "ref": null,
                  "rendered": null,
                  "type": "textarea",
                },
                "type": "div",
              },
              Object {
                "instance": null,
                "key": undefined,
                "nodeType": "host",
                "props": Object {
                  "children": undefined,
                  "className": "btn btn-primary",
                  "type": "button",
                },
                "ref": null,
                "rendered": null,
                "type": "button",
              },
            ],
            "type": "form",
          },
        ],
        "type": "div",
      },
      Object {
        "instance": null,
        "key": undefined,
        "nodeType": "host",
        "props": Object {
          "children": Array [
            <div
              className="mapouter"
              styles="overflow:hidden;height:500px;width:100%;"
            >
              <div
                className="gmap_canvas"
                styles="background:none!important;height:500px;width:100%;"
              >
                <iframe
                  frameBorder="0"
                  height="500"
                  id="gmap_canvas"
                  marginHeight="0"
                  marginWidth="0"
                  scrolling="no"
                  src="https://maps.google.com/maps?q=Wifibytes%2C%20Bocairente%2C%20Espa%C3%B1a&t=&z=17&ie=UTF8&iwloc=&output=embed"
                  width="100%"
                />
              </div>
            </div>,
            <p>
               
              , 
              , -
              - (
              ) 
               
            </p>,
          ],
          "className": "col-md-6",
        },
        "ref": null,
        "rendered": Array [
          Object {
            "instance": null,
            "key": undefined,
            "nodeType": "host",
            "props": Object {
              "children": <div
                className="gmap_canvas"
                styles="background:none!important;height:500px;width:100%;"
              >
                <iframe
                  frameBorder="0"
                  height="500"
                  id="gmap_canvas"
                  marginHeight="0"
                  marginWidth="0"
                  scrolling="no"
                  src="https://maps.google.com/maps?q=Wifibytes%2C%20Bocairente%2C%20Espa%C3%B1a&t=&z=17&ie=UTF8&iwloc=&output=embed"
                  width="100%"
                />
              </div>,
              "className": "mapouter",
              "styles": "overflow:hidden;height:500px;width:100%;",
            },
            "ref": null,
            "rendered": Object {
              "instance": null,
              "key": undefined,
              "nodeType": "host",
              "props": Object {
                "children": <iframe
                  frameBorder="0"
                  height="500"
                  id="gmap_canvas"
                  marginHeight="0"
                  marginWidth="0"
                  scrolling="no"
                  src="https://maps.google.com/maps?q=Wifibytes%2C%20Bocairente%2C%20Espa%C3%B1a&t=&z=17&ie=UTF8&iwloc=&output=embed"
                  width="100%"
                />,
                "className": "gmap_canvas",
                "styles": "background:none!important;height:500px;width:100%;",
              },
              "ref": null,
              "rendered": Object {
                "instance": null,
                "key": undefined,
                "nodeType": "host",
                "props": Object {
                  "frameBorder": "0",
                  "height": "500",
                  "id": "gmap_canvas",
                  "marginHeight": "0",
                  "marginWidth": "0",
                  "scrolling": "no",
                  "src": "https://maps.google.com/maps?q=Wifibytes%2C%20Bocairente%2C%20Espa%C3%B1a&t=&z=17&ie=UTF8&iwloc=&output=embed",
                  "width": "100%",
                },
                "ref": null,
                "rendered": null,
                "type": "iframe",
              },
              "type": "div",
            },
            "type": "div",
          },
          Object {
            "instance": null,
            "key": undefined,
            "nodeType": "host",
            "props": Object {
              "children": Array [
                " ",
                undefined,
                ", ",
                undefined,
                ", -",
                undefined,
                "- (",
                undefined,
                ") ",
                undefined,
                " ",
              ],
            },
            "ref": null,
            "rendered": Array [
              " ",
              undefined,
              ", ",
              undefined,
              ", -",
              undefined,
              "- (",
              undefined,
              ") ",
              undefined,
              " ",
            ],
            "type": "p",
          },
        ],
        "type": "div",
      },
    ],
    "type": "div",
  },
  Symbol(enzyme.__nodes__): Array [
    Object {
      "instance": null,
      "key": undefined,
      "nodeType": "host",
      "props": Object {
        "children": Array [
          <div
            className="col-md-6 form-group"
          >
            <h1>
               
            </h1>
            <form
              name="contacto"
            >
              <div
                className="form-group"
              >
                <input
                  aria-label="Nombre"
                  className="form-control"
                  name="nombre"
                  required=""
                  type="text"
                />
              </div>
              <div
                className="form-group"
              >
                <input
                  aria-label="Telefono"
                  className="form-control"
                  name="telefono"
                  type="text"
                />
              </div>
              <div
                className="form-group"
              >
                <input
                  aria-label="Email"
                  className="form-control"
                  name="email"
                  required=""
                  type="email"
                />
              </div>
              <div
                className="form-group"
              >
                <textarea
                  aria-label="Mensaje"
                  className="form-control"
                  name="mensaje"
                  required=""
                  rows="9"
                />
              </div>
              <button
                className="btn btn-primary"
                type="button"
              />
            </form>
          </div>,
          <div
            className="col-md-6"
          >
            <div
              className="mapouter"
              styles="overflow:hidden;height:500px;width:100%;"
            >
              <div
                className="gmap_canvas"
                styles="background:none!important;height:500px;width:100%;"
              >
                <iframe
                  frameBorder="0"
                  height="500"
                  id="gmap_canvas"
                  marginHeight="0"
                  marginWidth="0"
                  scrolling="no"
                  src="https://maps.google.com/maps?q=Wifibytes%2C%20Bocairente%2C%20Espa%C3%B1a&t=&z=17&ie=UTF8&iwloc=&output=embed"
                  width="100%"
                />
              </div>
            </div>
            <p>
               
              , 
              , -
              - (
              ) 
               
            </p>
          </div>,
        ],
        "className": "row mt-25 p-5",
      },
      "ref": null,
      "rendered": Array [
        Object {
          "instance": null,
          "key": undefined,
          "nodeType": "host",
          "props": Object {
            "children": Array [
              <h1>
                 
              </h1>,
              <form
                name="contacto"
              >
                <div
                  className="form-group"
                >
                  <input
                    aria-label="Nombre"
                    className="form-control"
                    name="nombre"
                    required=""
                    type="text"
                  />
                </div>
                <div
                  className="form-group"
                >
                  <input
                    aria-label="Telefono"
                    className="form-control"
                    name="telefono"
                    type="text"
                  />
                </div>
                <div
                  className="form-group"
                >
                  <input
                    aria-label="Email"
                    className="form-control"
                    name="email"
                    required=""
                    type="email"
                  />
                </div>
                <div
                  className="form-group"
                >
                  <textarea
                    aria-label="Mensaje"
                    className="form-control"
                    name="mensaje"
                    required=""
                    rows="9"
                  />
                </div>
                <button
                  className="btn btn-primary"
                  type="button"
                />
              </form>,
            ],
            "className": "col-md-6 form-group",
          },
          "ref": null,
          "rendered": Array [
            Object {
              "instance": null,
              "key": undefined,
              "nodeType": "host",
              "props": Object {
                "children": Array [
                  undefined,
                  " ",
                  undefined,
                ],
              },
              "ref": null,
              "rendered": Array [
                undefined,
                " ",
                undefined,
              ],
              "type": "h1",
            },
            Object {
              "instance": null,
              "key": undefined,
              "nodeType": "host",
              "props": Object {
                "children": Array [
                  <div
                    className="form-group"
                  >
                    <input
                      aria-label="Nombre"
                      className="form-control"
                      name="nombre"
                      required=""
                      type="text"
                    />
                  </div>,
                  <div
                    className="form-group"
                  >
                    <input
                      aria-label="Telefono"
                      className="form-control"
                      name="telefono"
                      type="text"
                    />
                  </div>,
                  <div
                    className="form-group"
                  >
                    <input
                      aria-label="Email"
                      className="form-control"
                      name="email"
                      required=""
                      type="email"
                    />
                  </div>,
                  <div
                    className="form-group"
                  >
                    <textarea
                      aria-label="Mensaje"
                      className="form-control"
                      name="mensaje"
                      required=""
                      rows="9"
                    />
                  </div>,
                  <button
                    className="btn btn-primary"
                    type="button"
                  />,
                ],
                "name": "contacto",
              },
              "ref": null,
              "rendered": Array [
                Object {
                  "instance": null,
                  "key": undefined,
                  "nodeType": "host",
                  "props": Object {
                    "children": <input
                      aria-label="Nombre"
                      className="form-control"
                      name="nombre"
                      required=""
                      type="text"
                    />,
                    "className": "form-group",
                  },
                  "ref": null,
                  "rendered": Object {
                    "instance": null,
                    "key": undefined,
                    "nodeType": "host",
                    "props": Object {
                      "aria-label": "Nombre",
                      "className": "form-control",
                      "name": "nombre",
                      "placeholder": undefined,
                      "required": "",
                      "type": "text",
                    },
                    "ref": null,
                    "rendered": null,
                    "type": "input",
                  },
                  "type": "div",
                },
                Object {
                  "instance": null,
                  "key": undefined,
                  "nodeType": "host",
                  "props": Object {
                    "children": <input
                      aria-label="Telefono"
                      className="form-control"
                      name="telefono"
                      type="text"
                    />,
                    "className": "form-group",
                  },
                  "ref": null,
                  "rendered": Object {
                    "instance": null,
                    "key": undefined,
                    "nodeType": "host",
                    "props": Object {
                      "aria-label": "Telefono",
                      "className": "form-control",
                      "name": "telefono",
                      "placeholder": undefined,
                      "type": "text",
                    },
                    "ref": null,
                    "rendered": null,
                    "type": "input",
                  },
                  "type": "div",
                },
                Object {
                  "instance": null,
                  "key": undefined,
                  "nodeType": "host",
                  "props": Object {
                    "children": <input
                      aria-label="Email"
                      className="form-control"
                      name="email"
                      required=""
                      type="email"
                    />,
                    "className": "form-group",
                  },
                  "ref": null,
                  "rendered": Object {
                    "instance": null,
                    "key": undefined,
                    "nodeType": "host",
                    "props": Object {
                      "aria-label": "Email",
                      "className": "form-control",
                      "name": "email",
                      "placeholder": undefined,
                      "required": "",
                      "type": "email",
                    },
                    "ref": null,
                    "rendered": null,
                    "type": "input",
                  },
                  "type": "div",
                },
                Object {
                  "instance": null,
                  "key": undefined,
                  "nodeType": "host",
                  "props": Object {
                    "children": <textarea
                      aria-label="Mensaje"
                      className="form-control"
                      name="mensaje"
                      required=""
                      rows="9"
                    />,
                    "className": "form-group",
                  },
                  "ref": null,
                  "rendered": Object {
                    "instance": null,
                    "key": undefined,
                    "nodeType": "host",
                    "props": Object {
                      "aria-label": "Mensaje",
                      "className": "form-control",
                      "defaultValue": undefined,
                      "name": "mensaje",
                      "required": "",
                      "rows": "9",
                    },
                    "ref": null,
                    "rendered": null,
                    "type": "textarea",
                  },
                  "type": "div",
                },
                Object {
                  "instance": null,
                  "key": undefined,
                  "nodeType": "host",
                  "props": Object {
                    "children": undefined,
                    "className": "btn btn-primary",
                    "type": "button",
                  },
                  "ref": null,
                  "rendered": null,
                  "type": "button",
                },
              ],
              "type": "form",
            },
          ],
          "type": "div",
        },
        Object {
          "instance": null,
          "key": undefined,
          "nodeType": "host",
          "props": Object {
            "children": Array [
              <div
                className="mapouter"
                styles="overflow:hidden;height:500px;width:100%;"
              >
                <div
                  className="gmap_canvas"
                  styles="background:none!important;height:500px;width:100%;"
                >
                  <iframe
                    frameBorder="0"
                    height="500"
                    id="gmap_canvas"
                    marginHeight="0"
                    marginWidth="0"
                    scrolling="no"
                    src="https://maps.google.com/maps?q=Wifibytes%2C%20Bocairente%2C%20Espa%C3%B1a&t=&z=17&ie=UTF8&iwloc=&output=embed"
                    width="100%"
                  />
                </div>
              </div>,
              <p>
                 
                , 
                , -
                - (
                ) 
                 
              </p>,
            ],
            "className": "col-md-6",
          },
          "ref": null,
          "rendered": Array [
            Object {
              "instance": null,
              "key": undefined,
              "nodeType": "host",
              "props": Object {
                "children": <div
                  className="gmap_canvas"
                  styles="background:none!important;height:500px;width:100%;"
                >
                  <iframe
                    frameBorder="0"
                    height="500"
                    id="gmap_canvas"
                    marginHeight="0"
                    marginWidth="0"
                    scrolling="no"
                    src="https://maps.google.com/maps?q=Wifibytes%2C%20Bocairente%2C%20Espa%C3%B1a&t=&z=17&ie=UTF8&iwloc=&output=embed"
                    width="100%"
                  />
                </div>,
                "className": "mapouter",
                "styles": "overflow:hidden;height:500px;width:100%;",
              },
              "ref": null,
              "rendered": Object {
                "instance": null,
                "key": undefined,
                "nodeType": "host",
                "props": Object {
                  "children": <iframe
                    frameBorder="0"
                    height="500"
                    id="gmap_canvas"
                    marginHeight="0"
                    marginWidth="0"
                    scrolling="no"
                    src="https://maps.google.com/maps?q=Wifibytes%2C%20Bocairente%2C%20Espa%C3%B1a&t=&z=17&ie=UTF8&iwloc=&output=embed"
                    width="100%"
                  />,
                  "className": "gmap_canvas",
                  "styles": "background:none!important;height:500px;width:100%;",
                },
                "ref": null,
                "rendered": Object {
                  "instance": null,
                  "key": undefined,
                  "nodeType": "host",
                  "props": Object {
                    "frameBorder": "0",
                    "height": "500",
                    "id": "gmap_canvas",
                    "marginHeight": "0",
                    "marginWidth": "0",
                    "scrolling": "no",
                    "src": "https://maps.google.com/maps?q=Wifibytes%2C%20Bocairente%2C%20Espa%C3%B1a&t=&z=17&ie=UTF8&iwloc=&output=embed",
                    "width": "100%",
                  },
                  "ref": null,
                  "rendered": null,
                  "type": "iframe",
                },
                "type": "div",
              },
              "type": "div",
            },
            Object {
              "instance": null,
              "key": undefined,
              "nodeType": "host",
              "props": Object {
                "children": Array [
                  " ",
                  undefined,
                  ", ",
                  undefined,
                  ", -",
                  undefined,
                  "- (",
                  undefined,
                  ") ",
                  undefined,
                  " ",
                ],
              },
              "ref": null,
              "rendered": Array [
                " ",
                undefined,
                ", ",
                undefined,
                ", -",
                undefined,
                "- (",
                undefined,
                ") ",
                undefined,
                " ",
              ],
              "type": "p",
            },
          ],
          "type": "div",
        },
      ],
      "type": "div",
    },
  ],
  Symbol(enzyme.__options__): Object {
    "adapter": ReactSixteenAdapter {
      "options": Object {
        "enableComponentDidUpdateOnSetState": true,
        "lifecycles": Object {
          "componentDidUpdate": Object {
            "onSetState": true,
          },
          "getDerivedStateFromProps": true,
          "getSnapshotBeforeUpdate": true,
          "setState": Object {
            "skipsComponentDidUpdateOnNullish": true,
          },
        },
      },
    },
  },
}
`;
