// Jest Snapshot v1, https://goo.gl/fbAQLP

exports[`Filters component renders the Filters correctly 1`] = `
<div
  className="row"
>
  <div
    className="form-group"
  >
    <label
      htmlFor="{key}"
    >
      Screen
      :
    </label>
    <select
      className="form-control"
      id="{key}"
      onChange={[Function]}
    >
      <option>
        3.5
      </option>
      <option>
        4
      </option>
      <option>
        4.2
      </option>
      <option>
        4.5
      </option>
      <option>
        5
      </option>
      <option>
        5.2
      </option>
      <option>
        10.1
      </option>
      <option>
        6
      </option>
      <option>
        5.5
      </option>
    </select>
  </div>
  <div
    className="form-group"
  >
    <label
      htmlFor="{key}"
    >
      CPU
      :
    </label>
    <select
      className="form-control"
      id="{key}"
      onChange={[Function]}
    >
      <option>
        Core 2.5GHz
      </option>
      <option>
        Quad-Core 1.3GHz
      </option>
      <option>
        Quad-Core 2.5GHz
      </option>
      <option>
        Octa-Core 1.5GHz
      </option>
      <option>
        Quad-Core 1.2GHz
      </option>
      <option>
        Accesorio
      </option>
      <option>
        Octa Core,2.2 Ghz
      </option>
      <option>
        Quad-Core 1 GHz
      </option>
      <option>
        Octa-Core 2GHz
      </option>
      <option>
        Deca-Core 2.1GHz
      </option>
    </select>
  </div>
  <div
    className="form-group"
  >
    <label
      htmlFor="{key}"
    >
      RAM
      :
    </label>
    <select
      className="form-control"
      id="{key}"
      onChange={[Function]}
    >
      <option>
        512mb
      </option>
      <option>
        1Gb
      </option>
      <option>
        2Gb
      </option>
      <option>
        4Gb
      </option>
      <option>
        8Gb
      </option>
      <option>
        Accesorio
      </option>
      <option>
        3 Gb
      </option>
    </select>
  </div>
  <div
    className="form-group"
  >
    <label
      htmlFor="{key}"
    >
      Brand
      :
    </label>
    <select
      className="form-control"
      id="{key}"
      onChange={[Function]}
    >
      <option>
        Nokia
      </option>
      <option>
        Apple
      </option>
      <option>
        Sony
      </option>
      <option>
        LG
      </option>
      <option>
        Huawei
      </option>
      <option>
        Samsung
      </option>
      <option>
        bq
      </option>
      <option>
        Hannspree
      </option>
      <option>
        Universal
      </option>
      <option>
        Xiaomi
      </option>
      <option>
        Wiko
      </option>
    </select>
  </div>
  <div
    className="form-group"
  >
    <label
      htmlFor="{key}"
    >
      Camera
      :
    </label>
    <select
      className="form-control"
      id="{key}"
      onChange={[Function]}
    >
      <option>
        8
      </option>
      <option>
        10.2
      </option>
      <option>
        12.5
      </option>
      <option>
        13
      </option>
      <option>
        0
      </option>
      <option>
        12
      </option>
      <option>
        16
      </option>
      <option>
        5
      </option>
    </select>
  </div>
</div>
`;
