// Jest Snapshot v1, https://goo.gl/fbAQLP

exports[`<footer /> We can check if Footer component called the class constructor 1`] = `
ShallowWrapper {
  Symbol(enzyme.__root__): [Circular],
  Symbol(enzyme.__unrendered__): <Footer />,
  Symbol(enzyme.__renderer__): Object {
    "batchedUpdates": [Function],
    "getNode": [Function],
    "render": [Function],
    "simulateError": [Function],
    "simulateEvent": [Function],
    "unmount": [Function],
  },
  Symbol(enzyme.__node__): Object {
    "instance": null,
    "key": undefined,
    "nodeType": "host",
    "props": Object {
      "children": Array [
        <div
          className="container-fluid text-center text-md-left "
        >
          <div
            className="row"
          >
            <div
              className="col-md-6 mt-md-0 mt-3"
            >
              <h5
                className="text-uppercase"
              >
                Per què Wifibytes?
              </h5>
              <label
                className="left_box"
                dangerouslySetInnerHTML={
                  Object {
                    "__html": "<p>Vols donar-te de baixa? Canviar de tarifa? Activar el roaming? &iquest;Desactivar la b&uacute;stia de oz? Sense problema. Entra en el teu compte i fes-ho amb un simple click.Sense preguntes, sense trucades a tel&egrave;fons assistits.</p>
<p>Simple i f&agrave;cil. Tot el suport i atenci&oacute; via internet amb un sistema de tiquets.</p>",
                  }
                }
              />
            </div>
            <hr
              className="clearfix w-100 d-md-none pb-3"
            />
            <div
              className="col-md-3 mb-md-0 mb-3"
            >
              <h5
                className="text-uppercase"
              />
              <ul
                className="list-unstyled"
              >
                <li>
                  <a
                    href="#catalog"
                  />
                </li>
                <li>
                  <a
                    href="#rates"
                  />
                </li>
                <li>
                  <a
                    href="#company"
                  />
                </li>
                <li>
                  <a
                    href="#contacte"
                  />
                </li>
              </ul>
            </div>
            <div
              className="col-md-3 mb-md-0 mb-3"
            >
              <h5
                className="text-uppercase"
              />
              <ul
                className="list-unstyled"
              >
                <li>
                  <a
                    href="#legal"
                  />
                </li>
                <li>
                  <a
                    href="#cookies"
                  />
                </li>
                <li>
                  <a>
                    <i
                      className="fab  fa-twitter"
                    />
                  </a>
                </li>
                <li>
                  <a>
                    <i
                      className="fab fa-facebook"
                    />
                  </a>
                </li>
              </ul>
            </div>
          </div>
        </div>,
        <div
          className="footer-copyright text-center bg-dark py-3 text-white"
        >
          © 2018 Copyright: 
          <label
            id="companyName"
          >
            Wifibytes S.L
          </label>
           | 
          <i
            className="fas fa-phone"
          />
           
          960 500 606
           |
           C/Batalla de Lepanto nº5 Bajo
          , 
          Bocairent
           -
          46880
          - (
          Valencia
          ) 
          ESPAÑA
        </div>,
      ],
    },
    "ref": null,
    "rendered": Array [
      Object {
        "instance": null,
        "key": undefined,
        "nodeType": "host",
        "props": Object {
          "children": <div
            className="row"
          >
            <div
              className="col-md-6 mt-md-0 mt-3"
            >
              <h5
                className="text-uppercase"
              >
                Per què Wifibytes?
              </h5>
              <label
                className="left_box"
                dangerouslySetInnerHTML={
                  Object {
                    "__html": "<p>Vols donar-te de baixa? Canviar de tarifa? Activar el roaming? &iquest;Desactivar la b&uacute;stia de oz? Sense problema. Entra en el teu compte i fes-ho amb un simple click.Sense preguntes, sense trucades a tel&egrave;fons assistits.</p>
<p>Simple i f&agrave;cil. Tot el suport i atenci&oacute; via internet amb un sistema de tiquets.</p>",
                  }
                }
              />
            </div>
            <hr
              className="clearfix w-100 d-md-none pb-3"
            />
            <div
              className="col-md-3 mb-md-0 mb-3"
            >
              <h5
                className="text-uppercase"
              />
              <ul
                className="list-unstyled"
              >
                <li>
                  <a
                    href="#catalog"
                  />
                </li>
                <li>
                  <a
                    href="#rates"
                  />
                </li>
                <li>
                  <a
                    href="#company"
                  />
                </li>
                <li>
                  <a
                    href="#contacte"
                  />
                </li>
              </ul>
            </div>
            <div
              className="col-md-3 mb-md-0 mb-3"
            >
              <h5
                className="text-uppercase"
              />
              <ul
                className="list-unstyled"
              >
                <li>
                  <a
                    href="#legal"
                  />
                </li>
                <li>
                  <a
                    href="#cookies"
                  />
                </li>
                <li>
                  <a>
                    <i
                      className="fab  fa-twitter"
                    />
                  </a>
                </li>
                <li>
                  <a>
                    <i
                      className="fab fa-facebook"
                    />
                  </a>
                </li>
              </ul>
            </div>
          </div>,
          "className": "container-fluid text-center text-md-left ",
        },
        "ref": null,
        "rendered": Object {
          "instance": null,
          "key": undefined,
          "nodeType": "host",
          "props": Object {
            "children": Array [
              <div
                className="col-md-6 mt-md-0 mt-3"
              >
                <h5
                  className="text-uppercase"
                >
                  Per què Wifibytes?
                </h5>
                <label
                  className="left_box"
                  dangerouslySetInnerHTML={
                    Object {
                      "__html": "<p>Vols donar-te de baixa? Canviar de tarifa? Activar el roaming? &iquest;Desactivar la b&uacute;stia de oz? Sense problema. Entra en el teu compte i fes-ho amb un simple click.Sense preguntes, sense trucades a tel&egrave;fons assistits.</p>
<p>Simple i f&agrave;cil. Tot el suport i atenci&oacute; via internet amb un sistema de tiquets.</p>",
                    }
                  }
                />
              </div>,
              <hr
                className="clearfix w-100 d-md-none pb-3"
              />,
              <div
                className="col-md-3 mb-md-0 mb-3"
              >
                <h5
                  className="text-uppercase"
                />
                <ul
                  className="list-unstyled"
                >
                  <li>
                    <a
                      href="#catalog"
                    />
                  </li>
                  <li>
                    <a
                      href="#rates"
                    />
                  </li>
                  <li>
                    <a
                      href="#company"
                    />
                  </li>
                  <li>
                    <a
                      href="#contacte"
                    />
                  </li>
                </ul>
              </div>,
              <div
                className="col-md-3 mb-md-0 mb-3"
              >
                <h5
                  className="text-uppercase"
                />
                <ul
                  className="list-unstyled"
                >
                  <li>
                    <a
                      href="#legal"
                    />
                  </li>
                  <li>
                    <a
                      href="#cookies"
                    />
                  </li>
                  <li>
                    <a>
                      <i
                        className="fab  fa-twitter"
                      />
                    </a>
                  </li>
                  <li>
                    <a>
                      <i
                        className="fab fa-facebook"
                      />
                    </a>
                  </li>
                </ul>
              </div>,
            ],
            "className": "row",
          },
          "ref": null,
          "rendered": Array [
            Object {
              "instance": null,
              "key": undefined,
              "nodeType": "host",
              "props": Object {
                "children": Array [
                  <h5
                    className="text-uppercase"
                  >
                    Per què Wifibytes?
                  </h5>,
                  <label
                    className="left_box"
                    dangerouslySetInnerHTML={
                      Object {
                        "__html": "<p>Vols donar-te de baixa? Canviar de tarifa? Activar el roaming? &iquest;Desactivar la b&uacute;stia de oz? Sense problema. Entra en el teu compte i fes-ho amb un simple click.Sense preguntes, sense trucades a tel&egrave;fons assistits.</p>
<p>Simple i f&agrave;cil. Tot el suport i atenci&oacute; via internet amb un sistema de tiquets.</p>",
                      }
                    }
                  />,
                ],
                "className": "col-md-6 mt-md-0 mt-3",
              },
              "ref": null,
              "rendered": Array [
                Object {
                  "instance": null,
                  "key": undefined,
                  "nodeType": "host",
                  "props": Object {
                    "children": "Per què Wifibytes?",
                    "className": "text-uppercase",
                  },
                  "ref": null,
                  "rendered": "Per què Wifibytes?",
                  "type": "h5",
                },
                Object {
                  "instance": null,
                  "key": undefined,
                  "nodeType": "host",
                  "props": Object {
                    "className": "left_box",
                    "dangerouslySetInnerHTML": Object {
                      "__html": "<p>Vols donar-te de baixa? Canviar de tarifa? Activar el roaming? &iquest;Desactivar la b&uacute;stia de oz? Sense problema. Entra en el teu compte i fes-ho amb un simple click.Sense preguntes, sense trucades a tel&egrave;fons assistits.</p>
<p>Simple i f&agrave;cil. Tot el suport i atenci&oacute; via internet amb un sistema de tiquets.</p>",
                    },
                  },
                  "ref": null,
                  "rendered": null,
                  "type": "label",
                },
              ],
              "type": "div",
            },
            Object {
              "instance": null,
              "key": undefined,
              "nodeType": "host",
              "props": Object {
                "className": "clearfix w-100 d-md-none pb-3",
              },
              "ref": null,
              "rendered": null,
              "type": "hr",
            },
            Object {
              "instance": null,
              "key": undefined,
              "nodeType": "host",
              "props": Object {
                "children": Array [
                  <h5
                    className="text-uppercase"
                  />,
                  <ul
                    className="list-unstyled"
                  >
                    <li>
                      <a
                        href="#catalog"
                      />
                    </li>
                    <li>
                      <a
                        href="#rates"
                      />
                    </li>
                    <li>
                      <a
                        href="#company"
                      />
                    </li>
                    <li>
                      <a
                        href="#contacte"
                      />
                    </li>
                  </ul>,
                ],
                "className": "col-md-3 mb-md-0 mb-3",
              },
              "ref": null,
              "rendered": Array [
                Object {
                  "instance": null,
                  "key": undefined,
                  "nodeType": "host",
                  "props": Object {
                    "children": undefined,
                    "className": "text-uppercase",
                  },
                  "ref": null,
                  "rendered": null,
                  "type": "h5",
                },
                Object {
                  "instance": null,
                  "key": undefined,
                  "nodeType": "host",
                  "props": Object {
                    "children": Array [
                      <li>
                        <a
                          href="#catalog"
                        />
                      </li>,
                      <li>
                        <a
                          href="#rates"
                        />
                      </li>,
                      <li>
                        <a
                          href="#company"
                        />
                      </li>,
                      <li>
                        <a
                          href="#contacte"
                        />
                      </li>,
                    ],
                    "className": "list-unstyled",
                  },
                  "ref": null,
                  "rendered": Array [
                    Object {
                      "instance": null,
                      "key": undefined,
                      "nodeType": "host",
                      "props": Object {
                        "children": <a
                          href="#catalog"
                        />,
                      },
                      "ref": null,
                      "rendered": Object {
                        "instance": null,
                        "key": undefined,
                        "nodeType": "host",
                        "props": Object {
                          "children": undefined,
                          "href": "#catalog",
                        },
                        "ref": null,
                        "rendered": null,
                        "type": "a",
                      },
                      "type": "li",
                    },
                    Object {
                      "instance": null,
                      "key": undefined,
                      "nodeType": "host",
                      "props": Object {
                        "children": <a
                          href="#rates"
                        />,
                      },
                      "ref": null,
                      "rendered": Object {
                        "instance": null,
                        "key": undefined,
                        "nodeType": "host",
                        "props": Object {
                          "children": undefined,
                          "href": "#rates",
                        },
                        "ref": null,
                        "rendered": null,
                        "type": "a",
                      },
                      "type": "li",
                    },
                    Object {
                      "instance": null,
                      "key": undefined,
                      "nodeType": "host",
                      "props": Object {
                        "children": <a
                          href="#company"
                        />,
                      },
                      "ref": null,
                      "rendered": Object {
                        "instance": null,
                        "key": undefined,
                        "nodeType": "host",
                        "props": Object {
                          "children": undefined,
                          "href": "#company",
                        },
                        "ref": null,
                        "rendered": null,
                        "type": "a",
                      },
                      "type": "li",
                    },
                    Object {
                      "instance": null,
                      "key": undefined,
                      "nodeType": "host",
                      "props": Object {
                        "children": <a
                          href="#contacte"
                        />,
                      },
                      "ref": null,
                      "rendered": Object {
                        "instance": null,
                        "key": undefined,
                        "nodeType": "host",
                        "props": Object {
                          "children": undefined,
                          "href": "#contacte",
                        },
                        "ref": null,
                        "rendered": null,
                        "type": "a",
                      },
                      "type": "li",
                    },
                  ],
                  "type": "ul",
                },
              ],
              "type": "div",
            },
            Object {
              "instance": null,
              "key": undefined,
              "nodeType": "host",
              "props": Object {
                "children": Array [
                  <h5
                    className="text-uppercase"
                  />,
                  <ul
                    className="list-unstyled"
                  >
                    <li>
                      <a
                        href="#legal"
                      />
                    </li>
                    <li>
                      <a
                        href="#cookies"
                      />
                    </li>
                    <li>
                      <a>
                        <i
                          className="fab  fa-twitter"
                        />
                      </a>
                    </li>
                    <li>
                      <a>
                        <i
                          className="fab fa-facebook"
                        />
                      </a>
                    </li>
                  </ul>,
                ],
                "className": "col-md-3 mb-md-0 mb-3",
              },
              "ref": null,
              "rendered": Array [
                Object {
                  "instance": null,
                  "key": undefined,
                  "nodeType": "host",
                  "props": Object {
                    "children": undefined,
                    "className": "text-uppercase",
                  },
                  "ref": null,
                  "rendered": null,
                  "type": "h5",
                },
                Object {
                  "instance": null,
                  "key": undefined,
                  "nodeType": "host",
                  "props": Object {
                    "children": Array [
                      <li>
                        <a
                          href="#legal"
                        />
                      </li>,
                      <li>
                        <a
                          href="#cookies"
                        />
                      </li>,
                      <li>
                        <a>
                          <i
                            className="fab  fa-twitter"
                          />
                        </a>
                      </li>,
                      <li>
                        <a>
                          <i
                            className="fab fa-facebook"
                          />
                        </a>
                      </li>,
                    ],
                    "className": "list-unstyled",
                  },
                  "ref": null,
                  "rendered": Array [
                    Object {
                      "instance": null,
                      "key": undefined,
                      "nodeType": "host",
                      "props": Object {
                        "children": <a
                          href="#legal"
                        />,
                      },
                      "ref": null,
                      "rendered": Object {
                        "instance": null,
                        "key": undefined,
                        "nodeType": "host",
                        "props": Object {
                          "children": undefined,
                          "href": "#legal",
                        },
                        "ref": null,
                        "rendered": null,
                        "type": "a",
                      },
                      "type": "li",
                    },
                    Object {
                      "instance": null,
                      "key": undefined,
                      "nodeType": "host",
                      "props": Object {
                        "children": <a
                          href="#cookies"
                        />,
                      },
                      "ref": null,
                      "rendered": Object {
                        "instance": null,
                        "key": undefined,
                        "nodeType": "host",
                        "props": Object {
                          "children": undefined,
                          "href": "#cookies",
                        },
                        "ref": null,
                        "rendered": null,
                        "type": "a",
                      },
                      "type": "li",
                    },
                    Object {
                      "instance": null,
                      "key": undefined,
                      "nodeType": "host",
                      "props": Object {
                        "children": <a>
                          <i
                            className="fab  fa-twitter"
                          />
                        </a>,
                      },
                      "ref": null,
                      "rendered": Object {
                        "instance": null,
                        "key": undefined,
                        "nodeType": "host",
                        "props": Object {
                          "children": <i
                            className="fab  fa-twitter"
                          />,
                          "href": undefined,
                        },
                        "ref": null,
                        "rendered": Object {
                          "instance": null,
                          "key": undefined,
                          "nodeType": "host",
                          "props": Object {
                            "className": "fab  fa-twitter",
                          },
                          "ref": null,
                          "rendered": null,
                          "type": "i",
                        },
                        "type": "a",
                      },
                      "type": "li",
                    },
                    Object {
                      "instance": null,
                      "key": undefined,
                      "nodeType": "host",
                      "props": Object {
                        "children": <a>
                          <i
                            className="fab fa-facebook"
                          />
                        </a>,
                      },
                      "ref": null,
                      "rendered": Object {
                        "instance": null,
                        "key": undefined,
                        "nodeType": "host",
                        "props": Object {
                          "children": <i
                            className="fab fa-facebook"
                          />,
                          "href": undefined,
                        },
                        "ref": null,
                        "rendered": Object {
                          "instance": null,
                          "key": undefined,
                          "nodeType": "host",
                          "props": Object {
                            "className": "fab fa-facebook",
                          },
                          "ref": null,
                          "rendered": null,
                          "type": "i",
                        },
                        "type": "a",
                      },
                      "type": "li",
                    },
                  ],
                  "type": "ul",
                },
              ],
              "type": "div",
            },
          ],
          "type": "div",
        },
        "type": "div",
      },
      Object {
        "instance": null,
        "key": undefined,
        "nodeType": "host",
        "props": Object {
          "children": Array [
            "© 2018 Copyright: ",
            <label
              id="companyName"
            >
              Wifibytes S.L
            </label>,
            " | ",
            <i
              className="fas fa-phone"
            />,
            " ",
            "960 500 606",
            " |",
            " C/Batalla de Lepanto nº5 Bajo",
            ", ",
            "Bocairent",
            " -",
            "46880",
            "- (",
            "Valencia",
            ") ",
            "ESPAÑA",
          ],
          "className": "footer-copyright text-center bg-dark py-3 text-white",
        },
        "ref": null,
        "rendered": Array [
          "© 2018 Copyright: ",
          Object {
            "instance": null,
            "key": undefined,
            "nodeType": "host",
            "props": Object {
              "children": "Wifibytes S.L",
              "id": "companyName",
            },
            "ref": null,
            "rendered": "Wifibytes S.L",
            "type": "label",
          },
          " | ",
          Object {
            "instance": null,
            "key": undefined,
            "nodeType": "host",
            "props": Object {
              "className": "fas fa-phone",
            },
            "ref": null,
            "rendered": null,
            "type": "i",
          },
          " ",
          "960 500 606",
          " |",
          " C/Batalla de Lepanto nº5 Bajo",
          ", ",
          "Bocairent",
          " -",
          "46880",
          "- (",
          "Valencia",
          ") ",
          "ESPAÑA",
        ],
        "type": "div",
      },
    ],
    "type": "div",
  },
  Symbol(enzyme.__nodes__): Array [
    Object {
      "instance": null,
      "key": undefined,
      "nodeType": "host",
      "props": Object {
        "children": Array [
          <div
            className="container-fluid text-center text-md-left "
          >
            <div
              className="row"
            >
              <div
                className="col-md-6 mt-md-0 mt-3"
              >
                <h5
                  className="text-uppercase"
                >
                  Per què Wifibytes?
                </h5>
                <label
                  className="left_box"
                  dangerouslySetInnerHTML={
                    Object {
                      "__html": "<p>Vols donar-te de baixa? Canviar de tarifa? Activar el roaming? &iquest;Desactivar la b&uacute;stia de oz? Sense problema. Entra en el teu compte i fes-ho amb un simple click.Sense preguntes, sense trucades a tel&egrave;fons assistits.</p>
<p>Simple i f&agrave;cil. Tot el suport i atenci&oacute; via internet amb un sistema de tiquets.</p>",
                    }
                  }
                />
              </div>
              <hr
                className="clearfix w-100 d-md-none pb-3"
              />
              <div
                className="col-md-3 mb-md-0 mb-3"
              >
                <h5
                  className="text-uppercase"
                />
                <ul
                  className="list-unstyled"
                >
                  <li>
                    <a
                      href="#catalog"
                    />
                  </li>
                  <li>
                    <a
                      href="#rates"
                    />
                  </li>
                  <li>
                    <a
                      href="#company"
                    />
                  </li>
                  <li>
                    <a
                      href="#contacte"
                    />
                  </li>
                </ul>
              </div>
              <div
                className="col-md-3 mb-md-0 mb-3"
              >
                <h5
                  className="text-uppercase"
                />
                <ul
                  className="list-unstyled"
                >
                  <li>
                    <a
                      href="#legal"
                    />
                  </li>
                  <li>
                    <a
                      href="#cookies"
                    />
                  </li>
                  <li>
                    <a>
                      <i
                        className="fab  fa-twitter"
                      />
                    </a>
                  </li>
                  <li>
                    <a>
                      <i
                        className="fab fa-facebook"
                      />
                    </a>
                  </li>
                </ul>
              </div>
            </div>
          </div>,
          <div
            className="footer-copyright text-center bg-dark py-3 text-white"
          >
            © 2018 Copyright: 
            <label
              id="companyName"
            >
              Wifibytes S.L
            </label>
             | 
            <i
              className="fas fa-phone"
            />
             
            960 500 606
             |
             C/Batalla de Lepanto nº5 Bajo
            , 
            Bocairent
             -
            46880
            - (
            Valencia
            ) 
            ESPAÑA
          </div>,
        ],
      },
      "ref": null,
      "rendered": Array [
        Object {
          "instance": null,
          "key": undefined,
          "nodeType": "host",
          "props": Object {
            "children": <div
              className="row"
            >
              <div
                className="col-md-6 mt-md-0 mt-3"
              >
                <h5
                  className="text-uppercase"
                >
                  Per què Wifibytes?
                </h5>
                <label
                  className="left_box"
                  dangerouslySetInnerHTML={
                    Object {
                      "__html": "<p>Vols donar-te de baixa? Canviar de tarifa? Activar el roaming? &iquest;Desactivar la b&uacute;stia de oz? Sense problema. Entra en el teu compte i fes-ho amb un simple click.Sense preguntes, sense trucades a tel&egrave;fons assistits.</p>
<p>Simple i f&agrave;cil. Tot el suport i atenci&oacute; via internet amb un sistema de tiquets.</p>",
                    }
                  }
                />
              </div>
              <hr
                className="clearfix w-100 d-md-none pb-3"
              />
              <div
                className="col-md-3 mb-md-0 mb-3"
              >
                <h5
                  className="text-uppercase"
                />
                <ul
                  className="list-unstyled"
                >
                  <li>
                    <a
                      href="#catalog"
                    />
                  </li>
                  <li>
                    <a
                      href="#rates"
                    />
                  </li>
                  <li>
                    <a
                      href="#company"
                    />
                  </li>
                  <li>
                    <a
                      href="#contacte"
                    />
                  </li>
                </ul>
              </div>
              <div
                className="col-md-3 mb-md-0 mb-3"
              >
                <h5
                  className="text-uppercase"
                />
                <ul
                  className="list-unstyled"
                >
                  <li>
                    <a
                      href="#legal"
                    />
                  </li>
                  <li>
                    <a
                      href="#cookies"
                    />
                  </li>
                  <li>
                    <a>
                      <i
                        className="fab  fa-twitter"
                      />
                    </a>
                  </li>
                  <li>
                    <a>
                      <i
                        className="fab fa-facebook"
                      />
                    </a>
                  </li>
                </ul>
              </div>
            </div>,
            "className": "container-fluid text-center text-md-left ",
          },
          "ref": null,
          "rendered": Object {
            "instance": null,
            "key": undefined,
            "nodeType": "host",
            "props": Object {
              "children": Array [
                <div
                  className="col-md-6 mt-md-0 mt-3"
                >
                  <h5
                    className="text-uppercase"
                  >
                    Per què Wifibytes?
                  </h5>
                  <label
                    className="left_box"
                    dangerouslySetInnerHTML={
                      Object {
                        "__html": "<p>Vols donar-te de baixa? Canviar de tarifa? Activar el roaming? &iquest;Desactivar la b&uacute;stia de oz? Sense problema. Entra en el teu compte i fes-ho amb un simple click.Sense preguntes, sense trucades a tel&egrave;fons assistits.</p>
<p>Simple i f&agrave;cil. Tot el suport i atenci&oacute; via internet amb un sistema de tiquets.</p>",
                      }
                    }
                  />
                </div>,
                <hr
                  className="clearfix w-100 d-md-none pb-3"
                />,
                <div
                  className="col-md-3 mb-md-0 mb-3"
                >
                  <h5
                    className="text-uppercase"
                  />
                  <ul
                    className="list-unstyled"
                  >
                    <li>
                      <a
                        href="#catalog"
                      />
                    </li>
                    <li>
                      <a
                        href="#rates"
                      />
                    </li>
                    <li>
                      <a
                        href="#company"
                      />
                    </li>
                    <li>
                      <a
                        href="#contacte"
                      />
                    </li>
                  </ul>
                </div>,
                <div
                  className="col-md-3 mb-md-0 mb-3"
                >
                  <h5
                    className="text-uppercase"
                  />
                  <ul
                    className="list-unstyled"
                  >
                    <li>
                      <a
                        href="#legal"
                      />
                    </li>
                    <li>
                      <a
                        href="#cookies"
                      />
                    </li>
                    <li>
                      <a>
                        <i
                          className="fab  fa-twitter"
                        />
                      </a>
                    </li>
                    <li>
                      <a>
                        <i
                          className="fab fa-facebook"
                        />
                      </a>
                    </li>
                  </ul>
                </div>,
              ],
              "className": "row",
            },
            "ref": null,
            "rendered": Array [
              Object {
                "instance": null,
                "key": undefined,
                "nodeType": "host",
                "props": Object {
                  "children": Array [
                    <h5
                      className="text-uppercase"
                    >
                      Per què Wifibytes?
                    </h5>,
                    <label
                      className="left_box"
                      dangerouslySetInnerHTML={
                        Object {
                          "__html": "<p>Vols donar-te de baixa? Canviar de tarifa? Activar el roaming? &iquest;Desactivar la b&uacute;stia de oz? Sense problema. Entra en el teu compte i fes-ho amb un simple click.Sense preguntes, sense trucades a tel&egrave;fons assistits.</p>
<p>Simple i f&agrave;cil. Tot el suport i atenci&oacute; via internet amb un sistema de tiquets.</p>",
                        }
                      }
                    />,
                  ],
                  "className": "col-md-6 mt-md-0 mt-3",
                },
                "ref": null,
                "rendered": Array [
                  Object {
                    "instance": null,
                    "key": undefined,
                    "nodeType": "host",
                    "props": Object {
                      "children": "Per què Wifibytes?",
                      "className": "text-uppercase",
                    },
                    "ref": null,
                    "rendered": "Per què Wifibytes?",
                    "type": "h5",
                  },
                  Object {
                    "instance": null,
                    "key": undefined,
                    "nodeType": "host",
                    "props": Object {
                      "className": "left_box",
                      "dangerouslySetInnerHTML": Object {
                        "__html": "<p>Vols donar-te de baixa? Canviar de tarifa? Activar el roaming? &iquest;Desactivar la b&uacute;stia de oz? Sense problema. Entra en el teu compte i fes-ho amb un simple click.Sense preguntes, sense trucades a tel&egrave;fons assistits.</p>
<p>Simple i f&agrave;cil. Tot el suport i atenci&oacute; via internet amb un sistema de tiquets.</p>",
                      },
                    },
                    "ref": null,
                    "rendered": null,
                    "type": "label",
                  },
                ],
                "type": "div",
              },
              Object {
                "instance": null,
                "key": undefined,
                "nodeType": "host",
                "props": Object {
                  "className": "clearfix w-100 d-md-none pb-3",
                },
                "ref": null,
                "rendered": null,
                "type": "hr",
              },
              Object {
                "instance": null,
                "key": undefined,
                "nodeType": "host",
                "props": Object {
                  "children": Array [
                    <h5
                      className="text-uppercase"
                    />,
                    <ul
                      className="list-unstyled"
                    >
                      <li>
                        <a
                          href="#catalog"
                        />
                      </li>
                      <li>
                        <a
                          href="#rates"
                        />
                      </li>
                      <li>
                        <a
                          href="#company"
                        />
                      </li>
                      <li>
                        <a
                          href="#contacte"
                        />
                      </li>
                    </ul>,
                  ],
                  "className": "col-md-3 mb-md-0 mb-3",
                },
                "ref": null,
                "rendered": Array [
                  Object {
                    "instance": null,
                    "key": undefined,
                    "nodeType": "host",
                    "props": Object {
                      "children": undefined,
                      "className": "text-uppercase",
                    },
                    "ref": null,
                    "rendered": null,
                    "type": "h5",
                  },
                  Object {
                    "instance": null,
                    "key": undefined,
                    "nodeType": "host",
                    "props": Object {
                      "children": Array [
                        <li>
                          <a
                            href="#catalog"
                          />
                        </li>,
                        <li>
                          <a
                            href="#rates"
                          />
                        </li>,
                        <li>
                          <a
                            href="#company"
                          />
                        </li>,
                        <li>
                          <a
                            href="#contacte"
                          />
                        </li>,
                      ],
                      "className": "list-unstyled",
                    },
                    "ref": null,
                    "rendered": Array [
                      Object {
                        "instance": null,
                        "key": undefined,
                        "nodeType": "host",
                        "props": Object {
                          "children": <a
                            href="#catalog"
                          />,
                        },
                        "ref": null,
                        "rendered": Object {
                          "instance": null,
                          "key": undefined,
                          "nodeType": "host",
                          "props": Object {
                            "children": undefined,
                            "href": "#catalog",
                          },
                          "ref": null,
                          "rendered": null,
                          "type": "a",
                        },
                        "type": "li",
                      },
                      Object {
                        "instance": null,
                        "key": undefined,
                        "nodeType": "host",
                        "props": Object {
                          "children": <a
                            href="#rates"
                          />,
                        },
                        "ref": null,
                        "rendered": Object {
                          "instance": null,
                          "key": undefined,
                          "nodeType": "host",
                          "props": Object {
                            "children": undefined,
                            "href": "#rates",
                          },
                          "ref": null,
                          "rendered": null,
                          "type": "a",
                        },
                        "type": "li",
                      },
                      Object {
                        "instance": null,
                        "key": undefined,
                        "nodeType": "host",
                        "props": Object {
                          "children": <a
                            href="#company"
                          />,
                        },
                        "ref": null,
                        "rendered": Object {
                          "instance": null,
                          "key": undefined,
                          "nodeType": "host",
                          "props": Object {
                            "children": undefined,
                            "href": "#company",
                          },
                          "ref": null,
                          "rendered": null,
                          "type": "a",
                        },
                        "type": "li",
                      },
                      Object {
                        "instance": null,
                        "key": undefined,
                        "nodeType": "host",
                        "props": Object {
                          "children": <a
                            href="#contacte"
                          />,
                        },
                        "ref": null,
                        "rendered": Object {
                          "instance": null,
                          "key": undefined,
                          "nodeType": "host",
                          "props": Object {
                            "children": undefined,
                            "href": "#contacte",
                          },
                          "ref": null,
                          "rendered": null,
                          "type": "a",
                        },
                        "type": "li",
                      },
                    ],
                    "type": "ul",
                  },
                ],
                "type": "div",
              },
              Object {
                "instance": null,
                "key": undefined,
                "nodeType": "host",
                "props": Object {
                  "children": Array [
                    <h5
                      className="text-uppercase"
                    />,
                    <ul
                      className="list-unstyled"
                    >
                      <li>
                        <a
                          href="#legal"
                        />
                      </li>
                      <li>
                        <a
                          href="#cookies"
                        />
                      </li>
                      <li>
                        <a>
                          <i
                            className="fab  fa-twitter"
                          />
                        </a>
                      </li>
                      <li>
                        <a>
                          <i
                            className="fab fa-facebook"
                          />
                        </a>
                      </li>
                    </ul>,
                  ],
                  "className": "col-md-3 mb-md-0 mb-3",
                },
                "ref": null,
                "rendered": Array [
                  Object {
                    "instance": null,
                    "key": undefined,
                    "nodeType": "host",
                    "props": Object {
                      "children": undefined,
                      "className": "text-uppercase",
                    },
                    "ref": null,
                    "rendered": null,
                    "type": "h5",
                  },
                  Object {
                    "instance": null,
                    "key": undefined,
                    "nodeType": "host",
                    "props": Object {
                      "children": Array [
                        <li>
                          <a
                            href="#legal"
                          />
                        </li>,
                        <li>
                          <a
                            href="#cookies"
                          />
                        </li>,
                        <li>
                          <a>
                            <i
                              className="fab  fa-twitter"
                            />
                          </a>
                        </li>,
                        <li>
                          <a>
                            <i
                              className="fab fa-facebook"
                            />
                          </a>
                        </li>,
                      ],
                      "className": "list-unstyled",
                    },
                    "ref": null,
                    "rendered": Array [
                      Object {
                        "instance": null,
                        "key": undefined,
                        "nodeType": "host",
                        "props": Object {
                          "children": <a
                            href="#legal"
                          />,
                        },
                        "ref": null,
                        "rendered": Object {
                          "instance": null,
                          "key": undefined,
                          "nodeType": "host",
                          "props": Object {
                            "children": undefined,
                            "href": "#legal",
                          },
                          "ref": null,
                          "rendered": null,
                          "type": "a",
                        },
                        "type": "li",
                      },
                      Object {
                        "instance": null,
                        "key": undefined,
                        "nodeType": "host",
                        "props": Object {
                          "children": <a
                            href="#cookies"
                          />,
                        },
                        "ref": null,
                        "rendered": Object {
                          "instance": null,
                          "key": undefined,
                          "nodeType": "host",
                          "props": Object {
                            "children": undefined,
                            "href": "#cookies",
                          },
                          "ref": null,
                          "rendered": null,
                          "type": "a",
                        },
                        "type": "li",
                      },
                      Object {
                        "instance": null,
                        "key": undefined,
                        "nodeType": "host",
                        "props": Object {
                          "children": <a>
                            <i
                              className="fab  fa-twitter"
                            />
                          </a>,
                        },
                        "ref": null,
                        "rendered": Object {
                          "instance": null,
                          "key": undefined,
                          "nodeType": "host",
                          "props": Object {
                            "children": <i
                              className="fab  fa-twitter"
                            />,
                            "href": undefined,
                          },
                          "ref": null,
                          "rendered": Object {
                            "instance": null,
                            "key": undefined,
                            "nodeType": "host",
                            "props": Object {
                              "className": "fab  fa-twitter",
                            },
                            "ref": null,
                            "rendered": null,
                            "type": "i",
                          },
                          "type": "a",
                        },
                        "type": "li",
                      },
                      Object {
                        "instance": null,
                        "key": undefined,
                        "nodeType": "host",
                        "props": Object {
                          "children": <a>
                            <i
                              className="fab fa-facebook"
                            />
                          </a>,
                        },
                        "ref": null,
                        "rendered": Object {
                          "instance": null,
                          "key": undefined,
                          "nodeType": "host",
                          "props": Object {
                            "children": <i
                              className="fab fa-facebook"
                            />,
                            "href": undefined,
                          },
                          "ref": null,
                          "rendered": Object {
                            "instance": null,
                            "key": undefined,
                            "nodeType": "host",
                            "props": Object {
                              "className": "fab fa-facebook",
                            },
                            "ref": null,
                            "rendered": null,
                            "type": "i",
                          },
                          "type": "a",
                        },
                        "type": "li",
                      },
                    ],
                    "type": "ul",
                  },
                ],
                "type": "div",
              },
            ],
            "type": "div",
          },
          "type": "div",
        },
        Object {
          "instance": null,
          "key": undefined,
          "nodeType": "host",
          "props": Object {
            "children": Array [
              "© 2018 Copyright: ",
              <label
                id="companyName"
              >
                Wifibytes S.L
              </label>,
              " | ",
              <i
                className="fas fa-phone"
              />,
              " ",
              "960 500 606",
              " |",
              " C/Batalla de Lepanto nº5 Bajo",
              ", ",
              "Bocairent",
              " -",
              "46880",
              "- (",
              "Valencia",
              ") ",
              "ESPAÑA",
            ],
            "className": "footer-copyright text-center bg-dark py-3 text-white",
          },
          "ref": null,
          "rendered": Array [
            "© 2018 Copyright: ",
            Object {
              "instance": null,
              "key": undefined,
              "nodeType": "host",
              "props": Object {
                "children": "Wifibytes S.L",
                "id": "companyName",
              },
              "ref": null,
              "rendered": "Wifibytes S.L",
              "type": "label",
            },
            " | ",
            Object {
              "instance": null,
              "key": undefined,
              "nodeType": "host",
              "props": Object {
                "className": "fas fa-phone",
              },
              "ref": null,
              "rendered": null,
              "type": "i",
            },
            " ",
            "960 500 606",
            " |",
            " C/Batalla de Lepanto nº5 Bajo",
            ", ",
            "Bocairent",
            " -",
            "46880",
            "- (",
            "Valencia",
            ") ",
            "ESPAÑA",
          ],
          "type": "div",
        },
      ],
      "type": "div",
    },
  ],
  Symbol(enzyme.__options__): Object {
    "adapter": ReactSixteenAdapter {
      "options": Object {
        "enableComponentDidUpdateOnSetState": true,
        "lifecycles": Object {
          "componentDidUpdate": Object {
            "onSetState": true,
          },
          "getDerivedStateFromProps": true,
          "getSnapshotBeforeUpdate": true,
          "setState": Object {
            "skipsComponentDidUpdateOnNullish": true,
          },
        },
      },
    },
  },
}
`;
