// Jest Snapshot v1, https://goo.gl/fbAQLP

exports[`We can check if Cookies component called the class constructor 1`] = `
ShallowWrapper {
  Symbol(enzyme.__root__): [Circular],
  Symbol(enzyme.__unrendered__): <Legal />,
  Symbol(enzyme.__renderer__): Object {
    "batchedUpdates": [Function],
    "getNode": [Function],
    "render": [Function],
    "simulateError": [Function],
    "simulateEvent": [Function],
    "unmount": [Function],
  },
  Symbol(enzyme.__node__): Object {
    "instance": null,
    "key": undefined,
    "nodeType": "host",
    "props": Object {
      "className": "p-5",
      "dangerouslySetInnerHTML": Object {
        "__html": "<p style=\\"line-height: 1.38; margin-top: 0pt; margin-bottom: 0pt;\\" dir=\\"ltr\\"><strong><span style=\\"font-size: 11pt; font-family: Arial; color: #000000; background-color: transparent; font-style: normal; font-variant-ligatures: normal; font-variant-position: normal; font-variant-caps: normal; font-variant-numeric: normal; font-variant-alternates: normal; font-variant-east-asian: normal; text-decoration: none; vertical-align: baseline; white-space: pre-wrap;\\">DADES GENERALS</span></strong></p>
<p style=\\"line-height: 1.38; margin-top: 0pt; margin-bottom: 0pt;\\" dir=\\"ltr\\"><span style=\\"font-size: 11pt; font-family: Arial; color: #000000; background-color: transparent; font-weight: 400; font-style: normal; font-variant: normal; text-decoration: none; vertical-align: baseline; white-space: pre-wrap;\\">D'acord amb l'article 10 de la Llei 34/2002, de 11 de juliol, de Serveis de la Societat de la Informaci&oacute; i de Comer&ccedil; Electr&ograve;nic posem a la seva disposici&oacute; les seg&uuml;ents dades:</span></p>
<p style=\\"line-height: 1.38; margin-top: 0pt; margin-bottom: 0pt;\\" dir=\\"ltr\\"><span style=\\"font-size: 11pt; font-family: Arial; color: #000000; background-color: transparent; font-weight: 400; font-style: normal; font-variant: normal; text-decoration: none; vertical-align: baseline; white-space: pre-wrap;\\">Wifibytes SL. est&agrave; domiciliada al carrer C / Batalla de Lepant n&ordm;5, Baix (Bocairent), amb CIF B98137078.Inscrita en el Registre Mercantil de Val&egrave;ncia, Vol 9030, Foli 34, Full V-133.779, Inscripci&oacute; 4&ordf;.</span></p>
<p style=\\"line-height: 1.38; margin-top: 0pt; margin-bottom: 0pt;\\" dir=\\"ltr\\"><span style=\\"font-size: 11pt; font-family: Arial; color: #000000; background-color: transparent; font-weight: 400; font-style: normal; font-variant: normal; text-decoration: none; vertical-align: baseline; white-space: pre-wrap;\\">Al web http://wifibytes-front.wearecactus.com/#/ hi ha una s&egrave;rie de continguts de car&agrave;cter informatiu sobre http://wifibytes-front.wearecactus.com/#/nosotros</span></p>
<p style=\\"line-height: 1.38; margin-top: 0pt; margin-bottom: 0pt;\\" dir=\\"ltr\\"><span style=\\"font-size: 11pt; font-family: Arial; color: #000000; background-color: transparent; font-weight: 400; font-style: normal; font-variant: normal; text-decoration: none; vertical-align: baseline; white-space: pre-wrap;\\">El seu principal objectiu &eacute;s facilitar als clients i al p&uacute;blic en general, la informaci&oacute; relativa a l'empresa, als productes i serveis que s'ofereixen.</span></p>
<p style=\\"line-height: 1.38; margin-top: 0pt; margin-bottom: 0pt;\\" dir=\\"ltr\\">&nbsp;</p>
<p style=\\"line-height: 1.38; margin-top: 0pt; margin-bottom: 0pt;\\" dir=\\"ltr\\"><strong><span style=\\"font-size: 11pt; font-family: Arial; color: #000000; background-color: transparent; font-style: normal; font-variant-ligatures: normal; font-variant-position: normal; font-variant-caps: normal; font-variant-numeric: normal; font-variant-alternates: normal; font-variant-east-asian: normal; text-decoration: none; vertical-align: baseline; white-space: pre-wrap;\\">POL&Iacute;TICA DE PRIVACITAT</span></strong></p>
<p style=\\"line-height: 1.38; margin-top: 0pt; margin-bottom: 0pt;\\" dir=\\"ltr\\"><span style=\\"font-size: 11pt; font-family: Arial; color: #000000; background-color: transparent; font-weight: 400; font-style: normal; font-variant: normal; text-decoration: none; vertical-align: baseline; white-space: pre-wrap;\\">En compliment del que disposa la Llei Org&agrave;nica 15/1999, de 13 de desembre, de protecci&oacute; de dades de car&agrave;cter personal (LOPD) s'informa a l'usuari que totes les dades que ens proporcioni seran incorporades a un fitxer, creat i mantingut sota la responsabilitat de Wifibytes SL</span></p>
<p style=\\"line-height: 1.38; margin-top: 0pt; margin-bottom: 0pt;\\" dir=\\"ltr\\"><span style=\\"font-size: 11pt; font-family: Arial; color: #000000; background-color: transparent; font-weight: 400; font-style: normal; font-variant: normal; text-decoration: none; vertical-align: baseline; white-space: pre-wrap;\\">Sempre es va a respectar la confidencialitat de les seves dades personals que nom&eacute;s seran utilitzades amb la finalitat de gestionar els serveis oferts, atendre les sol&middot;licituds que ens plantegi, realitzar tasques administratives, aix&iacute; com remetre informaci&oacute; t&egrave;cnica, comercial o publicit&agrave;ria per via ordin&agrave;ria o electr&ograve;nica .</span></p>
<p style=\\"line-height: 1.38; margin-top: 0pt; margin-bottom: 0pt;\\" dir=\\"ltr\\"><span style=\\"font-size: 11pt; font-family: Arial; color: #000000; background-color: transparent; font-weight: 400; font-style: normal; font-variant: normal; text-decoration: none; vertical-align: baseline; white-space: pre-wrap;\\">Per exercir els seus drets d'oposici&oacute;, rectificaci&oacute; o cancel&middot;laci&oacute; s'ha de dirigir a la seu de l'empresa C / Batalla de Lepant, n&ordm;5 Baix (Bocairent), escriure'ns al seg&uuml;ent correu info@wifibytes.com o truca'ns al 960.500.606</span></p>
<p style=\\"line-height: 1.38; margin-top: 0pt; margin-bottom: 0pt;\\" dir=\\"ltr\\">&nbsp;</p>
<p style=\\"line-height: 1.38; margin-top: 0pt; margin-bottom: 0pt;\\" dir=\\"ltr\\"><strong><span style=\\"font-size: 11pt; font-family: Arial; color: #000000; background-color: transparent; font-style: normal; font-variant-ligatures: normal; font-variant-position: normal; font-variant-caps: normal; font-variant-numeric: normal; font-variant-alternates: normal; font-variant-east-asian: normal; text-decoration: none; vertical-align: baseline; white-space: pre-wrap;\\">CONDICIONS D'&Uacute;S</span></strong></p>
<p style=\\"line-height: 1.38; margin-top: 0pt; margin-bottom: 0pt;\\" dir=\\"ltr\\"><span style=\\"font-size: 11pt; font-family: Arial; color: #000000; background-color: transparent; font-weight: 400; font-style: normal; font-variant: normal; text-decoration: none; vertical-align: baseline; white-space: pre-wrap;\\">Les condicions d'acc&eacute;s i &uacute;s del present lloc web es regeixen per la legalitat vigent i pel principi de bona fe comprometent-se l'usuari a realitzar un bon &uacute;s de la web. No es permeten conductes que vagin contra la llei, els drets o interessos de tercers.</span></p>
<p style=\\"line-height: 1.38; margin-top: 0pt; margin-bottom: 0pt;\\" dir=\\"ltr\\"><span style=\\"font-size: 11pt; font-family: Arial; color: #000000; background-color: transparent; font-weight: 400; font-style: normal; font-variant: normal; text-decoration: none; vertical-align: baseline; white-space: pre-wrap;\\">Ser usuari del web de http://wifibytes.wearecactus.com/front/#/ implica que reconeix haver llegit i acceptat les presents condicions i el que les estengui la normativa legal aplicable en aquesta mat&egrave;ria. Si pel motiu que sigui no est&agrave; d'acord amb aquestes condicions no continu&iuml; usant aquest web.</span></p>
<p style=\\"line-height: 1.38; margin-top: 0pt; margin-bottom: 0pt;\\" dir=\\"ltr\\"><span style=\\"font-size: 11pt; font-family: Arial; color: #000000; background-color: transparent; font-weight: 400; font-style: normal; font-variant: normal; text-decoration: none; vertical-align: baseline; white-space: pre-wrap;\\">Qualsevol tipus de notificaci&oacute; i / o reclamaci&oacute; solament ser&agrave; v&agrave;lida per notificaci&oacute; escrita i / o correu certificat.</span></p>
<p style=\\"line-height: 1.38; margin-top: 0pt; margin-bottom: 0pt;\\" dir=\\"ltr\\">&nbsp;</p>
<p style=\\"line-height: 1.38; margin-top: 0pt; margin-bottom: 0pt;\\" dir=\\"ltr\\"><strong><span style=\\"font-size: 11pt; font-family: Arial; color: #000000; background-color: transparent; font-style: normal; font-variant-ligatures: normal; font-variant-position: normal; font-variant-caps: normal; font-variant-numeric: normal; font-variant-alternates: normal; font-variant-east-asian: normal; text-decoration: none; vertical-align: baseline; white-space: pre-wrap;\\">RESPONSABILITATS</span></strong></p>
<p style=\\"line-height: 1.38; margin-top: 0pt; margin-bottom: 0pt;\\" dir=\\"ltr\\"><span style=\\"font-size: 11pt; font-family: Arial; color: #000000; background-color: transparent; font-weight: 400; font-style: normal; font-variant: normal; text-decoration: none; vertical-align: baseline; white-space: pre-wrap;\\">Wifibytes SL no es fa responsable de la informaci&oacute; i continguts emmagatzemats en f&ograve;rums, xarxes socials o qualssevol altre mitj&agrave; que permeti a tercers publicar continguts de forma independent en la p&agrave;gina web del prestador.</span></p>
<p style=\\"line-height: 1.38; margin-top: 0pt; margin-bottom: 0pt;\\" dir=\\"ltr\\"><span style=\\"font-size: 11pt; font-family: Arial; color: #000000; background-color: transparent; font-weight: 400; font-style: normal; font-variant: normal; text-decoration: none; vertical-align: baseline; white-space: pre-wrap;\\">No obstant aix&ograve;, tenint en compte els art. 11 i 16 de la LSSI-CE, Wifibytes SL es compromet a la retirada o si escau bloqueig d'aquells continguts que puguin afectar o contravenir la legislaci&oacute; nacional o internacional, drets de tercers o la moral i l'ordre p&uacute;blic.</span></p>
<p style=\\"line-height: 1.38; margin-top: 0pt; margin-bottom: 0pt;\\" dir=\\"ltr\\"><span style=\\"font-size: 11pt; font-family: Arial; color: #000000; background-color: transparent; font-weight: 400; font-style: normal; font-variant: normal; text-decoration: none; vertical-align: baseline; white-space: pre-wrap;\\">Tampoc l'empresa es far&agrave; responsable dels danys i perjudicis que es produeixin per fallades o males configuracions del programari instal&middot;lat a l'ordinador de l'internauta. S'exclou tota responsabilitat per alguna incid&egrave;ncia t&egrave;cnica o fallada que es produeixi quan l'usuari es connecti a internet. Igualment no es garanteix la inexist&egrave;ncia d'interrupcions o errors en l'acc&eacute;s al lloc web.</span></p>
<p style=\\"line-height: 1.38; margin-top: 0pt; margin-bottom: 0pt;\\" dir=\\"ltr\\"><span style=\\"font-size: 11pt; font-family: Arial; color: #000000; background-color: transparent; font-weight: 400; font-style: normal; font-variant: normal; text-decoration: none; vertical-align: baseline; white-space: pre-wrap;\\">Aix&iacute; mateix Wifibytes SL es reserva el dret a actualitzar, modificar o eliminar la informaci&oacute; continguda en la seva p&agrave;gina web, aix&iacute; com la configuraci&oacute; o presentaci&oacute; del mateix, en qualsevol moment sense assumir alguna responsabilitat per aix&ograve;.</span></p>
<p style=\\"line-height: 1.38; margin-top: 0pt; margin-bottom: 0pt;\\" dir=\\"ltr\\"><span style=\\"font-size: 11pt; font-family: Arial; color: #000000; background-color: transparent; font-weight: 400; font-style: normal; font-variant: normal; text-decoration: none; vertical-align: baseline; white-space: pre-wrap;\\">Li comuniquem que qualsevol preu que pugui veure a la nostra web ser&agrave; nom&eacute;s orientatiu. Si l'usuari desitja saber amb exactitud el preu o si el producte en el moment actual compta amb alguna oferta de la qual es pot beneficiar s'ha d'acudir a alguna de les botigues f&iacute;siques amb qu&egrave; compta Wifibytes SL.</span></p>
<p style=\\"line-height: 1.38; margin-top: 0pt; margin-bottom: 0pt;\\" dir=\\"ltr\\">&nbsp;</p>
<p style=\\"line-height: 1.38; margin-top: 0pt; margin-bottom: 0pt;\\" dir=\\"ltr\\"><strong><span style=\\"font-size: 11pt; font-family: Arial; color: #000000; background-color: transparent; font-style: normal; font-variant-ligatures: normal; font-variant-position: normal; font-variant-caps: normal; font-variant-numeric: normal; font-variant-alternates: normal; font-variant-east-asian: normal; text-decoration: none; vertical-align: baseline; white-space: pre-wrap;\\">PROPIETAT INTEL&middot;LECTUAL I INDUSTRIAL</span></strong></p>
<p style=\\"line-height: 1.38; margin-top: 0pt; margin-bottom: 0pt;\\" dir=\\"ltr\\"><span style=\\"font-size: 11pt; font-family: Arial; color: #000000; background-color: transparent; font-weight: 400; font-style: normal; font-variant: normal; text-decoration: none; vertical-align: baseline; white-space: pre-wrap;\\">Wifibytes SL. &eacute;s titular de tots els drets sobre el programari de la publicaci&oacute; digital aix&iacute; com dels drets de propietat industrial i intel&middot;lectual referits als continguts que s'hi incloguin, a excepci&oacute; dels drets sobre productes i serveis de car&agrave;cter p&uacute;blic que no s&oacute;n propietat d'aquesta empresa .</span></p>
<p style=\\"line-height: 1.38; margin-top: 0pt; margin-bottom: 0pt;\\" dir=\\"ltr\\"><span style=\\"font-size: 11pt; font-family: Arial; color: #000000; background-color: transparent; font-weight: 400; font-style: normal; font-variant: normal; text-decoration: none; vertical-align: baseline; white-space: pre-wrap;\\">Cap material publicat en aquesta web podr&agrave; ser reprodu&iuml;t, copiat o publicat sense el consentiment per escrit de Wifibytes SL.</span></p>
<p style=\\"line-height: 1.38; margin-top: 0pt; margin-bottom: 0pt;\\" dir=\\"ltr\\"><span style=\\"font-size: 11pt; font-family: Arial; color: #000000; background-color: transparent; font-weight: 400; font-style: normal; font-variant: normal; text-decoration: none; vertical-align: baseline; white-space: pre-wrap;\\">Tota la informaci&oacute; que es rebi a la web, com comentaris, suggeriments o idees, es considerar&agrave; cedida a Wifibytes SL.de manera gratu&iuml;ta. No s'ha d'enviar informaci&oacute; que NO pugui ser tractada d'aquesta manera.</span></p>
<p style=\\"line-height: 1.38; margin-top: 0pt; margin-bottom: 0pt;\\" dir=\\"ltr\\"><span style=\\"font-size: 11pt; font-family: Arial; color: #000000; background-color: transparent; font-weight: 400; font-style: normal; font-variant: normal; text-decoration: none; vertical-align: baseline; white-space: pre-wrap;\\">Tots els productes i serveis d'aquestes p&agrave;gines que NO s&oacute;n ​​propietat de Wifibytes SL. s&oacute;n marques registrades dels seus respectius propietaris i s&oacute;n reconegudes com a tals per la nostra empresa. Nom&eacute;s apareixen al web de Wifibytes SL. a efectes de promoci&oacute; i de recopilaci&oacute; d'informaci&oacute;. Aquests propietaris poden sol&middot;licitar la modificaci&oacute; o eliminaci&oacute; de la informaci&oacute; que els pertany.</span></p>
<p style=\\"line-height: 1.38; margin-top: 0pt; margin-bottom: 0pt;\\" dir=\\"ltr\\">&nbsp;</p>
<p style=\\"line-height: 1.38; margin-top: 0pt; margin-bottom: 0pt;\\" dir=\\"ltr\\"><strong><span style=\\"font-size: 11pt; font-family: Arial; color: #000000; background-color: transparent; font-style: normal; font-variant-ligatures: normal; font-variant-position: normal; font-variant-caps: normal; font-variant-numeric: normal; font-variant-alternates: normal; font-variant-east-asian: normal; text-decoration: none; vertical-align: baseline; white-space: pre-wrap;\\">LLEI APLICABLE I JURISDICCIO</span></strong></p>
<p style=\\"line-height: 1.38; margin-top: 0pt; margin-bottom: 0pt;\\" dir=\\"ltr\\"><span style=\\"font-size: 11pt; font-family: Arial; color: #000000; background-color: transparent; font-weight: 400; font-style: normal; font-variant: normal; text-decoration: none; vertical-align: baseline; white-space: pre-wrap;\\">Les presents condicions generals es regeixen per la legislaci&oacute; espanyola. Per a qualsevol litigi que pogu&eacute;s sorgir relacionat amb el lloc web o l'activitat que en ell es desenvolupa seran competents Jutjats d'Ontinyent, renunciant expressament l'usuari a qualsevol altre fur que pogu&eacute;s correspondre-li.</span></p>",
      },
    },
    "ref": null,
    "rendered": null,
    "type": "div",
  },
  Symbol(enzyme.__nodes__): Array [
    Object {
      "instance": null,
      "key": undefined,
      "nodeType": "host",
      "props": Object {
        "className": "p-5",
        "dangerouslySetInnerHTML": Object {
          "__html": "<p style=\\"line-height: 1.38; margin-top: 0pt; margin-bottom: 0pt;\\" dir=\\"ltr\\"><strong><span style=\\"font-size: 11pt; font-family: Arial; color: #000000; background-color: transparent; font-style: normal; font-variant-ligatures: normal; font-variant-position: normal; font-variant-caps: normal; font-variant-numeric: normal; font-variant-alternates: normal; font-variant-east-asian: normal; text-decoration: none; vertical-align: baseline; white-space: pre-wrap;\\">DADES GENERALS</span></strong></p>
<p style=\\"line-height: 1.38; margin-top: 0pt; margin-bottom: 0pt;\\" dir=\\"ltr\\"><span style=\\"font-size: 11pt; font-family: Arial; color: #000000; background-color: transparent; font-weight: 400; font-style: normal; font-variant: normal; text-decoration: none; vertical-align: baseline; white-space: pre-wrap;\\">D'acord amb l'article 10 de la Llei 34/2002, de 11 de juliol, de Serveis de la Societat de la Informaci&oacute; i de Comer&ccedil; Electr&ograve;nic posem a la seva disposici&oacute; les seg&uuml;ents dades:</span></p>
<p style=\\"line-height: 1.38; margin-top: 0pt; margin-bottom: 0pt;\\" dir=\\"ltr\\"><span style=\\"font-size: 11pt; font-family: Arial; color: #000000; background-color: transparent; font-weight: 400; font-style: normal; font-variant: normal; text-decoration: none; vertical-align: baseline; white-space: pre-wrap;\\">Wifibytes SL. est&agrave; domiciliada al carrer C / Batalla de Lepant n&ordm;5, Baix (Bocairent), amb CIF B98137078.Inscrita en el Registre Mercantil de Val&egrave;ncia, Vol 9030, Foli 34, Full V-133.779, Inscripci&oacute; 4&ordf;.</span></p>
<p style=\\"line-height: 1.38; margin-top: 0pt; margin-bottom: 0pt;\\" dir=\\"ltr\\"><span style=\\"font-size: 11pt; font-family: Arial; color: #000000; background-color: transparent; font-weight: 400; font-style: normal; font-variant: normal; text-decoration: none; vertical-align: baseline; white-space: pre-wrap;\\">Al web http://wifibytes-front.wearecactus.com/#/ hi ha una s&egrave;rie de continguts de car&agrave;cter informatiu sobre http://wifibytes-front.wearecactus.com/#/nosotros</span></p>
<p style=\\"line-height: 1.38; margin-top: 0pt; margin-bottom: 0pt;\\" dir=\\"ltr\\"><span style=\\"font-size: 11pt; font-family: Arial; color: #000000; background-color: transparent; font-weight: 400; font-style: normal; font-variant: normal; text-decoration: none; vertical-align: baseline; white-space: pre-wrap;\\">El seu principal objectiu &eacute;s facilitar als clients i al p&uacute;blic en general, la informaci&oacute; relativa a l'empresa, als productes i serveis que s'ofereixen.</span></p>
<p style=\\"line-height: 1.38; margin-top: 0pt; margin-bottom: 0pt;\\" dir=\\"ltr\\">&nbsp;</p>
<p style=\\"line-height: 1.38; margin-top: 0pt; margin-bottom: 0pt;\\" dir=\\"ltr\\"><strong><span style=\\"font-size: 11pt; font-family: Arial; color: #000000; background-color: transparent; font-style: normal; font-variant-ligatures: normal; font-variant-position: normal; font-variant-caps: normal; font-variant-numeric: normal; font-variant-alternates: normal; font-variant-east-asian: normal; text-decoration: none; vertical-align: baseline; white-space: pre-wrap;\\">POL&Iacute;TICA DE PRIVACITAT</span></strong></p>
<p style=\\"line-height: 1.38; margin-top: 0pt; margin-bottom: 0pt;\\" dir=\\"ltr\\"><span style=\\"font-size: 11pt; font-family: Arial; color: #000000; background-color: transparent; font-weight: 400; font-style: normal; font-variant: normal; text-decoration: none; vertical-align: baseline; white-space: pre-wrap;\\">En compliment del que disposa la Llei Org&agrave;nica 15/1999, de 13 de desembre, de protecci&oacute; de dades de car&agrave;cter personal (LOPD) s'informa a l'usuari que totes les dades que ens proporcioni seran incorporades a un fitxer, creat i mantingut sota la responsabilitat de Wifibytes SL</span></p>
<p style=\\"line-height: 1.38; margin-top: 0pt; margin-bottom: 0pt;\\" dir=\\"ltr\\"><span style=\\"font-size: 11pt; font-family: Arial; color: #000000; background-color: transparent; font-weight: 400; font-style: normal; font-variant: normal; text-decoration: none; vertical-align: baseline; white-space: pre-wrap;\\">Sempre es va a respectar la confidencialitat de les seves dades personals que nom&eacute;s seran utilitzades amb la finalitat de gestionar els serveis oferts, atendre les sol&middot;licituds que ens plantegi, realitzar tasques administratives, aix&iacute; com remetre informaci&oacute; t&egrave;cnica, comercial o publicit&agrave;ria per via ordin&agrave;ria o electr&ograve;nica .</span></p>
<p style=\\"line-height: 1.38; margin-top: 0pt; margin-bottom: 0pt;\\" dir=\\"ltr\\"><span style=\\"font-size: 11pt; font-family: Arial; color: #000000; background-color: transparent; font-weight: 400; font-style: normal; font-variant: normal; text-decoration: none; vertical-align: baseline; white-space: pre-wrap;\\">Per exercir els seus drets d'oposici&oacute;, rectificaci&oacute; o cancel&middot;laci&oacute; s'ha de dirigir a la seu de l'empresa C / Batalla de Lepant, n&ordm;5 Baix (Bocairent), escriure'ns al seg&uuml;ent correu info@wifibytes.com o truca'ns al 960.500.606</span></p>
<p style=\\"line-height: 1.38; margin-top: 0pt; margin-bottom: 0pt;\\" dir=\\"ltr\\">&nbsp;</p>
<p style=\\"line-height: 1.38; margin-top: 0pt; margin-bottom: 0pt;\\" dir=\\"ltr\\"><strong><span style=\\"font-size: 11pt; font-family: Arial; color: #000000; background-color: transparent; font-style: normal; font-variant-ligatures: normal; font-variant-position: normal; font-variant-caps: normal; font-variant-numeric: normal; font-variant-alternates: normal; font-variant-east-asian: normal; text-decoration: none; vertical-align: baseline; white-space: pre-wrap;\\">CONDICIONS D'&Uacute;S</span></strong></p>
<p style=\\"line-height: 1.38; margin-top: 0pt; margin-bottom: 0pt;\\" dir=\\"ltr\\"><span style=\\"font-size: 11pt; font-family: Arial; color: #000000; background-color: transparent; font-weight: 400; font-style: normal; font-variant: normal; text-decoration: none; vertical-align: baseline; white-space: pre-wrap;\\">Les condicions d'acc&eacute;s i &uacute;s del present lloc web es regeixen per la legalitat vigent i pel principi de bona fe comprometent-se l'usuari a realitzar un bon &uacute;s de la web. No es permeten conductes que vagin contra la llei, els drets o interessos de tercers.</span></p>
<p style=\\"line-height: 1.38; margin-top: 0pt; margin-bottom: 0pt;\\" dir=\\"ltr\\"><span style=\\"font-size: 11pt; font-family: Arial; color: #000000; background-color: transparent; font-weight: 400; font-style: normal; font-variant: normal; text-decoration: none; vertical-align: baseline; white-space: pre-wrap;\\">Ser usuari del web de http://wifibytes.wearecactus.com/front/#/ implica que reconeix haver llegit i acceptat les presents condicions i el que les estengui la normativa legal aplicable en aquesta mat&egrave;ria. Si pel motiu que sigui no est&agrave; d'acord amb aquestes condicions no continu&iuml; usant aquest web.</span></p>
<p style=\\"line-height: 1.38; margin-top: 0pt; margin-bottom: 0pt;\\" dir=\\"ltr\\"><span style=\\"font-size: 11pt; font-family: Arial; color: #000000; background-color: transparent; font-weight: 400; font-style: normal; font-variant: normal; text-decoration: none; vertical-align: baseline; white-space: pre-wrap;\\">Qualsevol tipus de notificaci&oacute; i / o reclamaci&oacute; solament ser&agrave; v&agrave;lida per notificaci&oacute; escrita i / o correu certificat.</span></p>
<p style=\\"line-height: 1.38; margin-top: 0pt; margin-bottom: 0pt;\\" dir=\\"ltr\\">&nbsp;</p>
<p style=\\"line-height: 1.38; margin-top: 0pt; margin-bottom: 0pt;\\" dir=\\"ltr\\"><strong><span style=\\"font-size: 11pt; font-family: Arial; color: #000000; background-color: transparent; font-style: normal; font-variant-ligatures: normal; font-variant-position: normal; font-variant-caps: normal; font-variant-numeric: normal; font-variant-alternates: normal; font-variant-east-asian: normal; text-decoration: none; vertical-align: baseline; white-space: pre-wrap;\\">RESPONSABILITATS</span></strong></p>
<p style=\\"line-height: 1.38; margin-top: 0pt; margin-bottom: 0pt;\\" dir=\\"ltr\\"><span style=\\"font-size: 11pt; font-family: Arial; color: #000000; background-color: transparent; font-weight: 400; font-style: normal; font-variant: normal; text-decoration: none; vertical-align: baseline; white-space: pre-wrap;\\">Wifibytes SL no es fa responsable de la informaci&oacute; i continguts emmagatzemats en f&ograve;rums, xarxes socials o qualssevol altre mitj&agrave; que permeti a tercers publicar continguts de forma independent en la p&agrave;gina web del prestador.</span></p>
<p style=\\"line-height: 1.38; margin-top: 0pt; margin-bottom: 0pt;\\" dir=\\"ltr\\"><span style=\\"font-size: 11pt; font-family: Arial; color: #000000; background-color: transparent; font-weight: 400; font-style: normal; font-variant: normal; text-decoration: none; vertical-align: baseline; white-space: pre-wrap;\\">No obstant aix&ograve;, tenint en compte els art. 11 i 16 de la LSSI-CE, Wifibytes SL es compromet a la retirada o si escau bloqueig d'aquells continguts que puguin afectar o contravenir la legislaci&oacute; nacional o internacional, drets de tercers o la moral i l'ordre p&uacute;blic.</span></p>
<p style=\\"line-height: 1.38; margin-top: 0pt; margin-bottom: 0pt;\\" dir=\\"ltr\\"><span style=\\"font-size: 11pt; font-family: Arial; color: #000000; background-color: transparent; font-weight: 400; font-style: normal; font-variant: normal; text-decoration: none; vertical-align: baseline; white-space: pre-wrap;\\">Tampoc l'empresa es far&agrave; responsable dels danys i perjudicis que es produeixin per fallades o males configuracions del programari instal&middot;lat a l'ordinador de l'internauta. S'exclou tota responsabilitat per alguna incid&egrave;ncia t&egrave;cnica o fallada que es produeixi quan l'usuari es connecti a internet. Igualment no es garanteix la inexist&egrave;ncia d'interrupcions o errors en l'acc&eacute;s al lloc web.</span></p>
<p style=\\"line-height: 1.38; margin-top: 0pt; margin-bottom: 0pt;\\" dir=\\"ltr\\"><span style=\\"font-size: 11pt; font-family: Arial; color: #000000; background-color: transparent; font-weight: 400; font-style: normal; font-variant: normal; text-decoration: none; vertical-align: baseline; white-space: pre-wrap;\\">Aix&iacute; mateix Wifibytes SL es reserva el dret a actualitzar, modificar o eliminar la informaci&oacute; continguda en la seva p&agrave;gina web, aix&iacute; com la configuraci&oacute; o presentaci&oacute; del mateix, en qualsevol moment sense assumir alguna responsabilitat per aix&ograve;.</span></p>
<p style=\\"line-height: 1.38; margin-top: 0pt; margin-bottom: 0pt;\\" dir=\\"ltr\\"><span style=\\"font-size: 11pt; font-family: Arial; color: #000000; background-color: transparent; font-weight: 400; font-style: normal; font-variant: normal; text-decoration: none; vertical-align: baseline; white-space: pre-wrap;\\">Li comuniquem que qualsevol preu que pugui veure a la nostra web ser&agrave; nom&eacute;s orientatiu. Si l'usuari desitja saber amb exactitud el preu o si el producte en el moment actual compta amb alguna oferta de la qual es pot beneficiar s'ha d'acudir a alguna de les botigues f&iacute;siques amb qu&egrave; compta Wifibytes SL.</span></p>
<p style=\\"line-height: 1.38; margin-top: 0pt; margin-bottom: 0pt;\\" dir=\\"ltr\\">&nbsp;</p>
<p style=\\"line-height: 1.38; margin-top: 0pt; margin-bottom: 0pt;\\" dir=\\"ltr\\"><strong><span style=\\"font-size: 11pt; font-family: Arial; color: #000000; background-color: transparent; font-style: normal; font-variant-ligatures: normal; font-variant-position: normal; font-variant-caps: normal; font-variant-numeric: normal; font-variant-alternates: normal; font-variant-east-asian: normal; text-decoration: none; vertical-align: baseline; white-space: pre-wrap;\\">PROPIETAT INTEL&middot;LECTUAL I INDUSTRIAL</span></strong></p>
<p style=\\"line-height: 1.38; margin-top: 0pt; margin-bottom: 0pt;\\" dir=\\"ltr\\"><span style=\\"font-size: 11pt; font-family: Arial; color: #000000; background-color: transparent; font-weight: 400; font-style: normal; font-variant: normal; text-decoration: none; vertical-align: baseline; white-space: pre-wrap;\\">Wifibytes SL. &eacute;s titular de tots els drets sobre el programari de la publicaci&oacute; digital aix&iacute; com dels drets de propietat industrial i intel&middot;lectual referits als continguts que s'hi incloguin, a excepci&oacute; dels drets sobre productes i serveis de car&agrave;cter p&uacute;blic que no s&oacute;n propietat d'aquesta empresa .</span></p>
<p style=\\"line-height: 1.38; margin-top: 0pt; margin-bottom: 0pt;\\" dir=\\"ltr\\"><span style=\\"font-size: 11pt; font-family: Arial; color: #000000; background-color: transparent; font-weight: 400; font-style: normal; font-variant: normal; text-decoration: none; vertical-align: baseline; white-space: pre-wrap;\\">Cap material publicat en aquesta web podr&agrave; ser reprodu&iuml;t, copiat o publicat sense el consentiment per escrit de Wifibytes SL.</span></p>
<p style=\\"line-height: 1.38; margin-top: 0pt; margin-bottom: 0pt;\\" dir=\\"ltr\\"><span style=\\"font-size: 11pt; font-family: Arial; color: #000000; background-color: transparent; font-weight: 400; font-style: normal; font-variant: normal; text-decoration: none; vertical-align: baseline; white-space: pre-wrap;\\">Tota la informaci&oacute; que es rebi a la web, com comentaris, suggeriments o idees, es considerar&agrave; cedida a Wifibytes SL.de manera gratu&iuml;ta. No s'ha d'enviar informaci&oacute; que NO pugui ser tractada d'aquesta manera.</span></p>
<p style=\\"line-height: 1.38; margin-top: 0pt; margin-bottom: 0pt;\\" dir=\\"ltr\\"><span style=\\"font-size: 11pt; font-family: Arial; color: #000000; background-color: transparent; font-weight: 400; font-style: normal; font-variant: normal; text-decoration: none; vertical-align: baseline; white-space: pre-wrap;\\">Tots els productes i serveis d'aquestes p&agrave;gines que NO s&oacute;n ​​propietat de Wifibytes SL. s&oacute;n marques registrades dels seus respectius propietaris i s&oacute;n reconegudes com a tals per la nostra empresa. Nom&eacute;s apareixen al web de Wifibytes SL. a efectes de promoci&oacute; i de recopilaci&oacute; d'informaci&oacute;. Aquests propietaris poden sol&middot;licitar la modificaci&oacute; o eliminaci&oacute; de la informaci&oacute; que els pertany.</span></p>
<p style=\\"line-height: 1.38; margin-top: 0pt; margin-bottom: 0pt;\\" dir=\\"ltr\\">&nbsp;</p>
<p style=\\"line-height: 1.38; margin-top: 0pt; margin-bottom: 0pt;\\" dir=\\"ltr\\"><strong><span style=\\"font-size: 11pt; font-family: Arial; color: #000000; background-color: transparent; font-style: normal; font-variant-ligatures: normal; font-variant-position: normal; font-variant-caps: normal; font-variant-numeric: normal; font-variant-alternates: normal; font-variant-east-asian: normal; text-decoration: none; vertical-align: baseline; white-space: pre-wrap;\\">LLEI APLICABLE I JURISDICCIO</span></strong></p>
<p style=\\"line-height: 1.38; margin-top: 0pt; margin-bottom: 0pt;\\" dir=\\"ltr\\"><span style=\\"font-size: 11pt; font-family: Arial; color: #000000; background-color: transparent; font-weight: 400; font-style: normal; font-variant: normal; text-decoration: none; vertical-align: baseline; white-space: pre-wrap;\\">Les presents condicions generals es regeixen per la legislaci&oacute; espanyola. Per a qualsevol litigi que pogu&eacute;s sorgir relacionat amb el lloc web o l'activitat que en ell es desenvolupa seran competents Jutjats d'Ontinyent, renunciant expressament l'usuari a qualsevol altre fur que pogu&eacute;s correspondre-li.</span></p>",
        },
      },
      "ref": null,
      "rendered": null,
      "type": "div",
    },
  ],
  Symbol(enzyme.__options__): Object {
    "adapter": ReactSixteenAdapter {
      "options": Object {
        "enableComponentDidUpdateOnSetState": true,
        "lifecycles": Object {
          "componentDidUpdate": Object {
            "onSetState": true,
          },
          "getDerivedStateFromProps": true,
          "getSnapshotBeforeUpdate": true,
          "setState": Object {
            "skipsComponentDidUpdateOnNullish": true,
          },
        },
      },
    },
  },
}
`;
