// Jest Snapshot v1, https://goo.gl/fbAQLP

exports[`We can check if Login component called the class constructor 1`] = `
ShallowWrapper {
  Symbol(enzyme.__root__): [Circular],
  Symbol(enzyme.__unrendered__): <Login />,
  Symbol(enzyme.__renderer__): Object {
    "batchedUpdates": [Function],
    "getNode": [Function],
    "render": [Function],
    "simulateError": [Function],
    "simulateEvent": [Function],
    "unmount": [Function],
  },
  Symbol(enzyme.__node__): Object {
    "instance": null,
    "key": undefined,
    "nodeType": "host",
    "props": Object {
      "children": <div
        className="loginForm"
      >
        <h1>
          Access Client
        </h1>
        <div
          className="login-acces"
        >
          <form>
            <h4>
              DNI Client
            </h4>
            <input
              className="loginInput"
              maxLength="9"
              onChange={[Function]}
              pattern="^[0-9]{8}[a-zA-Z]{1}$"
              placeholder="Enter your ID here: 'xxxxxxL'"
              required={true}
              size="10"
              type="text"
              value=""
            />
            <h4>
              Password
            </h4>
            <input
              className="loginInput"
              onChange={[Function]}
              placeholder="Enter your password here"
              required={true}
              type="password"
              value=""
            />
            <button
              className="login-button btn"
              id="loginButton"
              onClick={[Function]}
            >
              SEND
            </button>
            <a
              className="login-button btn left"
              href="#/register"
            >
              REGISTER
            </a>
          </form>
          <p
            className="login-recuperar"
            onClick={[Function]}
          >
            I forgot my password
          </p>
          <div
            className="login-recov-pass"
            id="login-recover"
          >
            <form>
              <input
                className="loginInput"
                onChange={[Function]}
                pattern="^[_a-z0-9-]+(.[_a-z0-9-]+)*@[a-z0-9-]+(.[a-z0-9-]+)*(.[a-z]{2,4})$"
                placeholder="Enter your e-mail"
                required={true}
              />
              <button
                className="login-button btn"
                onClick={[Function]}
                value=""
              >
                RECOVER
              </button>
            </form>
            <div
              id="captcha"
            >
              <Reaptcha
                badge="bottomright"
                className="g-recaptcha"
                explicit={false}
                hl="es"
                id=""
                inject={true}
                isolated={false}
                onExpire={[Function]}
                onVerify={[Function]}
                sitekey="6LesI4IUAAAAAHHx9B6OuMjqpVl9bIyLOT3n4y3C"
                size="normal"
                tabindex={0}
                theme="light"
              />
              <span
                className="errors"
              >
                
              </span>
            </div>
          </div>
        </div>
      </div>,
    },
    "ref": null,
    "rendered": Object {
      "instance": null,
      "key": undefined,
      "nodeType": "host",
      "props": Object {
        "children": Array [
          <h1>
            Access Client
          </h1>,
          <div
            className="login-acces"
          >
            <form>
              <h4>
                DNI Client
              </h4>
              <input
                className="loginInput"
                maxLength="9"
                onChange={[Function]}
                pattern="^[0-9]{8}[a-zA-Z]{1}$"
                placeholder="Enter your ID here: 'xxxxxxL'"
                required={true}
                size="10"
                type="text"
                value=""
              />
              <h4>
                Password
              </h4>
              <input
                className="loginInput"
                onChange={[Function]}
                placeholder="Enter your password here"
                required={true}
                type="password"
                value=""
              />
              <button
                className="login-button btn"
                id="loginButton"
                onClick={[Function]}
              >
                SEND
              </button>
              <a
                className="login-button btn left"
                href="#/register"
              >
                REGISTER
              </a>
            </form>
            <p
              className="login-recuperar"
              onClick={[Function]}
            >
              I forgot my password
            </p>
            <div
              className="login-recov-pass"
              id="login-recover"
            >
              <form>
                <input
                  className="loginInput"
                  onChange={[Function]}
                  pattern="^[_a-z0-9-]+(.[_a-z0-9-]+)*@[a-z0-9-]+(.[a-z0-9-]+)*(.[a-z]{2,4})$"
                  placeholder="Enter your e-mail"
                  required={true}
                />
                <button
                  className="login-button btn"
                  onClick={[Function]}
                  value=""
                >
                  RECOVER
                </button>
              </form>
              <div
                id="captcha"
              >
                <Reaptcha
                  badge="bottomright"
                  className="g-recaptcha"
                  explicit={false}
                  hl="es"
                  id=""
                  inject={true}
                  isolated={false}
                  onExpire={[Function]}
                  onVerify={[Function]}
                  sitekey="6LesI4IUAAAAAHHx9B6OuMjqpVl9bIyLOT3n4y3C"
                  size="normal"
                  tabindex={0}
                  theme="light"
                />
                <span
                  className="errors"
                >
                  
                </span>
              </div>
            </div>
          </div>,
        ],
        "className": "loginForm",
      },
      "ref": null,
      "rendered": Array [
        Object {
          "instance": null,
          "key": undefined,
          "nodeType": "host",
          "props": Object {
            "children": "Access Client",
          },
          "ref": null,
          "rendered": "Access Client",
          "type": "h1",
        },
        Object {
          "instance": null,
          "key": undefined,
          "nodeType": "host",
          "props": Object {
            "children": Array [
              <form>
                <h4>
                  DNI Client
                </h4>
                <input
                  className="loginInput"
                  maxLength="9"
                  onChange={[Function]}
                  pattern="^[0-9]{8}[a-zA-Z]{1}$"
                  placeholder="Enter your ID here: 'xxxxxxL'"
                  required={true}
                  size="10"
                  type="text"
                  value=""
                />
                <h4>
                  Password
                </h4>
                <input
                  className="loginInput"
                  onChange={[Function]}
                  placeholder="Enter your password here"
                  required={true}
                  type="password"
                  value=""
                />
                <button
                  className="login-button btn"
                  id="loginButton"
                  onClick={[Function]}
                >
                  SEND
                </button>
                <a
                  className="login-button btn left"
                  href="#/register"
                >
                  REGISTER
                </a>
              </form>,
              <p
                className="login-recuperar"
                onClick={[Function]}
              >
                I forgot my password
              </p>,
              <div
                className="login-recov-pass"
                id="login-recover"
              >
                <form>
                  <input
                    className="loginInput"
                    onChange={[Function]}
                    pattern="^[_a-z0-9-]+(.[_a-z0-9-]+)*@[a-z0-9-]+(.[a-z0-9-]+)*(.[a-z]{2,4})$"
                    placeholder="Enter your e-mail"
                    required={true}
                  />
                  <button
                    className="login-button btn"
                    onClick={[Function]}
                    value=""
                  >
                    RECOVER
                  </button>
                </form>
                <div
                  id="captcha"
                >
                  <Reaptcha
                    badge="bottomright"
                    className="g-recaptcha"
                    explicit={false}
                    hl="es"
                    id=""
                    inject={true}
                    isolated={false}
                    onExpire={[Function]}
                    onVerify={[Function]}
                    sitekey="6LesI4IUAAAAAHHx9B6OuMjqpVl9bIyLOT3n4y3C"
                    size="normal"
                    tabindex={0}
                    theme="light"
                  />
                  <span
                    className="errors"
                  >
                    
                  </span>
                </div>
              </div>,
            ],
            "className": "login-acces",
          },
          "ref": null,
          "rendered": Array [
            Object {
              "instance": null,
              "key": undefined,
              "nodeType": "host",
              "props": Object {
                "children": Array [
                  <h4>
                    DNI Client
                  </h4>,
                  <input
                    className="loginInput"
                    maxLength="9"
                    onChange={[Function]}
                    pattern="^[0-9]{8}[a-zA-Z]{1}$"
                    placeholder="Enter your ID here: 'xxxxxxL'"
                    required={true}
                    size="10"
                    type="text"
                    value=""
                  />,
                  <h4>
                    Password
                  </h4>,
                  <input
                    className="loginInput"
                    onChange={[Function]}
                    placeholder="Enter your password here"
                    required={true}
                    type="password"
                    value=""
                  />,
                  <button
                    className="login-button btn"
                    id="loginButton"
                    onClick={[Function]}
                  >
                    SEND
                  </button>,
                  <a
                    className="login-button btn left"
                    href="#/register"
                  >
                    REGISTER
                  </a>,
                ],
              },
              "ref": null,
              "rendered": Array [
                Object {
                  "instance": null,
                  "key": undefined,
                  "nodeType": "host",
                  "props": Object {
                    "children": "DNI Client",
                  },
                  "ref": null,
                  "rendered": "DNI Client",
                  "type": "h4",
                },
                Object {
                  "instance": null,
                  "key": undefined,
                  "nodeType": "host",
                  "props": Object {
                    "className": "loginInput",
                    "maxLength": "9",
                    "onChange": [Function],
                    "pattern": "^[0-9]{8}[a-zA-Z]{1}$",
                    "placeholder": "Enter your ID here: 'xxxxxxL'",
                    "required": true,
                    "size": "10",
                    "type": "text",
                    "value": "",
                  },
                  "ref": null,
                  "rendered": null,
                  "type": "input",
                },
                Object {
                  "instance": null,
                  "key": undefined,
                  "nodeType": "host",
                  "props": Object {
                    "children": "Password",
                  },
                  "ref": null,
                  "rendered": "Password",
                  "type": "h4",
                },
                Object {
                  "instance": null,
                  "key": undefined,
                  "nodeType": "host",
                  "props": Object {
                    "className": "loginInput",
                    "onChange": [Function],
                    "placeholder": "Enter your password here",
                    "required": true,
                    "type": "password",
                    "value": "",
                  },
                  "ref": null,
                  "rendered": null,
                  "type": "input",
                },
                Object {
                  "instance": null,
                  "key": undefined,
                  "nodeType": "host",
                  "props": Object {
                    "children": "SEND",
                    "className": "login-button btn",
                    "id": "loginButton",
                    "onClick": [Function],
                  },
                  "ref": null,
                  "rendered": "SEND",
                  "type": "button",
                },
                Object {
                  "instance": null,
                  "key": undefined,
                  "nodeType": "host",
                  "props": Object {
                    "children": "REGISTER",
                    "className": "login-button btn left",
                    "href": "#/register",
                  },
                  "ref": null,
                  "rendered": "REGISTER",
                  "type": "a",
                },
              ],
              "type": "form",
            },
            Object {
              "instance": null,
              "key": undefined,
              "nodeType": "host",
              "props": Object {
                "children": "I forgot my password",
                "className": "login-recuperar",
                "onClick": [Function],
              },
              "ref": null,
              "rendered": "I forgot my password",
              "type": "p",
            },
            Object {
              "instance": null,
              "key": undefined,
              "nodeType": "host",
              "props": Object {
                "children": Array [
                  <form>
                    <input
                      className="loginInput"
                      onChange={[Function]}
                      pattern="^[_a-z0-9-]+(.[_a-z0-9-]+)*@[a-z0-9-]+(.[a-z0-9-]+)*(.[a-z]{2,4})$"
                      placeholder="Enter your e-mail"
                      required={true}
                    />
                    <button
                      className="login-button btn"
                      onClick={[Function]}
                      value=""
                    >
                      RECOVER
                    </button>
                  </form>,
                  <div
                    id="captcha"
                  >
                    <Reaptcha
                      badge="bottomright"
                      className="g-recaptcha"
                      explicit={false}
                      hl="es"
                      id=""
                      inject={true}
                      isolated={false}
                      onExpire={[Function]}
                      onVerify={[Function]}
                      sitekey="6LesI4IUAAAAAHHx9B6OuMjqpVl9bIyLOT3n4y3C"
                      size="normal"
                      tabindex={0}
                      theme="light"
                    />
                    <span
                      className="errors"
                    >
                      
                    </span>
                  </div>,
                ],
                "className": "login-recov-pass",
                "id": "login-recover",
              },
              "ref": null,
              "rendered": Array [
                Object {
                  "instance": null,
                  "key": undefined,
                  "nodeType": "host",
                  "props": Object {
                    "children": Array [
                      <input
                        className="loginInput"
                        onChange={[Function]}
                        pattern="^[_a-z0-9-]+(.[_a-z0-9-]+)*@[a-z0-9-]+(.[a-z0-9-]+)*(.[a-z]{2,4})$"
                        placeholder="Enter your e-mail"
                        required={true}
                      />,
                      <button
                        className="login-button btn"
                        onClick={[Function]}
                        value=""
                      >
                        RECOVER
                      </button>,
                    ],
                  },
                  "ref": null,
                  "rendered": Array [
                    Object {
                      "instance": null,
                      "key": undefined,
                      "nodeType": "host",
                      "props": Object {
                        "className": "loginInput",
                        "onChange": [Function],
                        "pattern": "^[_a-z0-9-]+(.[_a-z0-9-]+)*@[a-z0-9-]+(.[a-z0-9-]+)*(.[a-z]{2,4})$",
                        "placeholder": "Enter your e-mail",
                        "required": true,
                      },
                      "ref": null,
                      "rendered": null,
                      "type": "input",
                    },
                    Object {
                      "instance": null,
                      "key": undefined,
                      "nodeType": "host",
                      "props": Object {
                        "children": "RECOVER",
                        "className": "login-button btn",
                        "onClick": [Function],
                        "value": "",
                      },
                      "ref": null,
                      "rendered": "RECOVER",
                      "type": "button",
                    },
                  ],
                  "type": "form",
                },
                Object {
                  "instance": null,
                  "key": undefined,
                  "nodeType": "host",
                  "props": Object {
                    "children": Array [
                      <Reaptcha
                        badge="bottomright"
                        className="g-recaptcha"
                        explicit={false}
                        hl="es"
                        id=""
                        inject={true}
                        isolated={false}
                        onExpire={[Function]}
                        onVerify={[Function]}
                        sitekey="6LesI4IUAAAAAHHx9B6OuMjqpVl9bIyLOT3n4y3C"
                        size="normal"
                        tabindex={0}
                        theme="light"
                      />,
                      <span
                        className="errors"
                      >
                        
                      </span>,
                    ],
                    "id": "captcha",
                  },
                  "ref": null,
                  "rendered": Array [
                    Object {
                      "instance": null,
                      "key": undefined,
                      "nodeType": "class",
                      "props": Object {
                        "badge": "bottomright",
                        "className": "g-recaptcha",
                        "explicit": false,
                        "hl": "es",
                        "id": "",
                        "inject": true,
                        "isolated": false,
                        "onExpire": [Function],
                        "onVerify": [Function],
                        "sitekey": "6LesI4IUAAAAAHHx9B6OuMjqpVl9bIyLOT3n4y3C",
                        "size": "normal",
                        "tabindex": 0,
                        "theme": "light",
                      },
                      "ref": null,
                      "rendered": null,
                      "type": [Function],
                    },
                    Object {
                      "instance": null,
                      "key": undefined,
                      "nodeType": "host",
                      "props": Object {
                        "children": "",
                        "className": "errors",
                      },
                      "ref": null,
                      "rendered": "",
                      "type": "span",
                    },
                  ],
                  "type": "div",
                },
              ],
              "type": "div",
            },
          ],
          "type": "div",
        },
      ],
      "type": "div",
    },
    "type": "div",
  },
  Symbol(enzyme.__nodes__): Array [
    Object {
      "instance": null,
      "key": undefined,
      "nodeType": "host",
      "props": Object {
        "children": <div
          className="loginForm"
        >
          <h1>
            Access Client
          </h1>
          <div
            className="login-acces"
          >
            <form>
              <h4>
                DNI Client
              </h4>
              <input
                className="loginInput"
                maxLength="9"
                onChange={[Function]}
                pattern="^[0-9]{8}[a-zA-Z]{1}$"
                placeholder="Enter your ID here: 'xxxxxxL'"
                required={true}
                size="10"
                type="text"
                value=""
              />
              <h4>
                Password
              </h4>
              <input
                className="loginInput"
                onChange={[Function]}
                placeholder="Enter your password here"
                required={true}
                type="password"
                value=""
              />
              <button
                className="login-button btn"
                id="loginButton"
                onClick={[Function]}
              >
                SEND
              </button>
              <a
                className="login-button btn left"
                href="#/register"
              >
                REGISTER
              </a>
            </form>
            <p
              className="login-recuperar"
              onClick={[Function]}
            >
              I forgot my password
            </p>
            <div
              className="login-recov-pass"
              id="login-recover"
            >
              <form>
                <input
                  className="loginInput"
                  onChange={[Function]}
                  pattern="^[_a-z0-9-]+(.[_a-z0-9-]+)*@[a-z0-9-]+(.[a-z0-9-]+)*(.[a-z]{2,4})$"
                  placeholder="Enter your e-mail"
                  required={true}
                />
                <button
                  className="login-button btn"
                  onClick={[Function]}
                  value=""
                >
                  RECOVER
                </button>
              </form>
              <div
                id="captcha"
              >
                <Reaptcha
                  badge="bottomright"
                  className="g-recaptcha"
                  explicit={false}
                  hl="es"
                  id=""
                  inject={true}
                  isolated={false}
                  onExpire={[Function]}
                  onVerify={[Function]}
                  sitekey="6LesI4IUAAAAAHHx9B6OuMjqpVl9bIyLOT3n4y3C"
                  size="normal"
                  tabindex={0}
                  theme="light"
                />
                <span
                  className="errors"
                >
                  
                </span>
              </div>
            </div>
          </div>
        </div>,
      },
      "ref": null,
      "rendered": Object {
        "instance": null,
        "key": undefined,
        "nodeType": "host",
        "props": Object {
          "children": Array [
            <h1>
              Access Client
            </h1>,
            <div
              className="login-acces"
            >
              <form>
                <h4>
                  DNI Client
                </h4>
                <input
                  className="loginInput"
                  maxLength="9"
                  onChange={[Function]}
                  pattern="^[0-9]{8}[a-zA-Z]{1}$"
                  placeholder="Enter your ID here: 'xxxxxxL'"
                  required={true}
                  size="10"
                  type="text"
                  value=""
                />
                <h4>
                  Password
                </h4>
                <input
                  className="loginInput"
                  onChange={[Function]}
                  placeholder="Enter your password here"
                  required={true}
                  type="password"
                  value=""
                />
                <button
                  className="login-button btn"
                  id="loginButton"
                  onClick={[Function]}
                >
                  SEND
                </button>
                <a
                  className="login-button btn left"
                  href="#/register"
                >
                  REGISTER
                </a>
              </form>
              <p
                className="login-recuperar"
                onClick={[Function]}
              >
                I forgot my password
              </p>
              <div
                className="login-recov-pass"
                id="login-recover"
              >
                <form>
                  <input
                    className="loginInput"
                    onChange={[Function]}
                    pattern="^[_a-z0-9-]+(.[_a-z0-9-]+)*@[a-z0-9-]+(.[a-z0-9-]+)*(.[a-z]{2,4})$"
                    placeholder="Enter your e-mail"
                    required={true}
                  />
                  <button
                    className="login-button btn"
                    onClick={[Function]}
                    value=""
                  >
                    RECOVER
                  </button>
                </form>
                <div
                  id="captcha"
                >
                  <Reaptcha
                    badge="bottomright"
                    className="g-recaptcha"
                    explicit={false}
                    hl="es"
                    id=""
                    inject={true}
                    isolated={false}
                    onExpire={[Function]}
                    onVerify={[Function]}
                    sitekey="6LesI4IUAAAAAHHx9B6OuMjqpVl9bIyLOT3n4y3C"
                    size="normal"
                    tabindex={0}
                    theme="light"
                  />
                  <span
                    className="errors"
                  >
                    
                  </span>
                </div>
              </div>
            </div>,
          ],
          "className": "loginForm",
        },
        "ref": null,
        "rendered": Array [
          Object {
            "instance": null,
            "key": undefined,
            "nodeType": "host",
            "props": Object {
              "children": "Access Client",
            },
            "ref": null,
            "rendered": "Access Client",
            "type": "h1",
          },
          Object {
            "instance": null,
            "key": undefined,
            "nodeType": "host",
            "props": Object {
              "children": Array [
                <form>
                  <h4>
                    DNI Client
                  </h4>
                  <input
                    className="loginInput"
                    maxLength="9"
                    onChange={[Function]}
                    pattern="^[0-9]{8}[a-zA-Z]{1}$"
                    placeholder="Enter your ID here: 'xxxxxxL'"
                    required={true}
                    size="10"
                    type="text"
                    value=""
                  />
                  <h4>
                    Password
                  </h4>
                  <input
                    className="loginInput"
                    onChange={[Function]}
                    placeholder="Enter your password here"
                    required={true}
                    type="password"
                    value=""
                  />
                  <button
                    className="login-button btn"
                    id="loginButton"
                    onClick={[Function]}
                  >
                    SEND
                  </button>
                  <a
                    className="login-button btn left"
                    href="#/register"
                  >
                    REGISTER
                  </a>
                </form>,
                <p
                  className="login-recuperar"
                  onClick={[Function]}
                >
                  I forgot my password
                </p>,
                <div
                  className="login-recov-pass"
                  id="login-recover"
                >
                  <form>
                    <input
                      className="loginInput"
                      onChange={[Function]}
                      pattern="^[_a-z0-9-]+(.[_a-z0-9-]+)*@[a-z0-9-]+(.[a-z0-9-]+)*(.[a-z]{2,4})$"
                      placeholder="Enter your e-mail"
                      required={true}
                    />
                    <button
                      className="login-button btn"
                      onClick={[Function]}
                      value=""
                    >
                      RECOVER
                    </button>
                  </form>
                  <div
                    id="captcha"
                  >
                    <Reaptcha
                      badge="bottomright"
                      className="g-recaptcha"
                      explicit={false}
                      hl="es"
                      id=""
                      inject={true}
                      isolated={false}
                      onExpire={[Function]}
                      onVerify={[Function]}
                      sitekey="6LesI4IUAAAAAHHx9B6OuMjqpVl9bIyLOT3n4y3C"
                      size="normal"
                      tabindex={0}
                      theme="light"
                    />
                    <span
                      className="errors"
                    >
                      
                    </span>
                  </div>
                </div>,
              ],
              "className": "login-acces",
            },
            "ref": null,
            "rendered": Array [
              Object {
                "instance": null,
                "key": undefined,
                "nodeType": "host",
                "props": Object {
                  "children": Array [
                    <h4>
                      DNI Client
                    </h4>,
                    <input
                      className="loginInput"
                      maxLength="9"
                      onChange={[Function]}
                      pattern="^[0-9]{8}[a-zA-Z]{1}$"
                      placeholder="Enter your ID here: 'xxxxxxL'"
                      required={true}
                      size="10"
                      type="text"
                      value=""
                    />,
                    <h4>
                      Password
                    </h4>,
                    <input
                      className="loginInput"
                      onChange={[Function]}
                      placeholder="Enter your password here"
                      required={true}
                      type="password"
                      value=""
                    />,
                    <button
                      className="login-button btn"
                      id="loginButton"
                      onClick={[Function]}
                    >
                      SEND
                    </button>,
                    <a
                      className="login-button btn left"
                      href="#/register"
                    >
                      REGISTER
                    </a>,
                  ],
                },
                "ref": null,
                "rendered": Array [
                  Object {
                    "instance": null,
                    "key": undefined,
                    "nodeType": "host",
                    "props": Object {
                      "children": "DNI Client",
                    },
                    "ref": null,
                    "rendered": "DNI Client",
                    "type": "h4",
                  },
                  Object {
                    "instance": null,
                    "key": undefined,
                    "nodeType": "host",
                    "props": Object {
                      "className": "loginInput",
                      "maxLength": "9",
                      "onChange": [Function],
                      "pattern": "^[0-9]{8}[a-zA-Z]{1}$",
                      "placeholder": "Enter your ID here: 'xxxxxxL'",
                      "required": true,
                      "size": "10",
                      "type": "text",
                      "value": "",
                    },
                    "ref": null,
                    "rendered": null,
                    "type": "input",
                  },
                  Object {
                    "instance": null,
                    "key": undefined,
                    "nodeType": "host",
                    "props": Object {
                      "children": "Password",
                    },
                    "ref": null,
                    "rendered": "Password",
                    "type": "h4",
                  },
                  Object {
                    "instance": null,
                    "key": undefined,
                    "nodeType": "host",
                    "props": Object {
                      "className": "loginInput",
                      "onChange": [Function],
                      "placeholder": "Enter your password here",
                      "required": true,
                      "type": "password",
                      "value": "",
                    },
                    "ref": null,
                    "rendered": null,
                    "type": "input",
                  },
                  Object {
                    "instance": null,
                    "key": undefined,
                    "nodeType": "host",
                    "props": Object {
                      "children": "SEND",
                      "className": "login-button btn",
                      "id": "loginButton",
                      "onClick": [Function],
                    },
                    "ref": null,
                    "rendered": "SEND",
                    "type": "button",
                  },
                  Object {
                    "instance": null,
                    "key": undefined,
                    "nodeType": "host",
                    "props": Object {
                      "children": "REGISTER",
                      "className": "login-button btn left",
                      "href": "#/register",
                    },
                    "ref": null,
                    "rendered": "REGISTER",
                    "type": "a",
                  },
                ],
                "type": "form",
              },
              Object {
                "instance": null,
                "key": undefined,
                "nodeType": "host",
                "props": Object {
                  "children": "I forgot my password",
                  "className": "login-recuperar",
                  "onClick": [Function],
                },
                "ref": null,
                "rendered": "I forgot my password",
                "type": "p",
              },
              Object {
                "instance": null,
                "key": undefined,
                "nodeType": "host",
                "props": Object {
                  "children": Array [
                    <form>
                      <input
                        className="loginInput"
                        onChange={[Function]}
                        pattern="^[_a-z0-9-]+(.[_a-z0-9-]+)*@[a-z0-9-]+(.[a-z0-9-]+)*(.[a-z]{2,4})$"
                        placeholder="Enter your e-mail"
                        required={true}
                      />
                      <button
                        className="login-button btn"
                        onClick={[Function]}
                        value=""
                      >
                        RECOVER
                      </button>
                    </form>,
                    <div
                      id="captcha"
                    >
                      <Reaptcha
                        badge="bottomright"
                        className="g-recaptcha"
                        explicit={false}
                        hl="es"
                        id=""
                        inject={true}
                        isolated={false}
                        onExpire={[Function]}
                        onVerify={[Function]}
                        sitekey="6LesI4IUAAAAAHHx9B6OuMjqpVl9bIyLOT3n4y3C"
                        size="normal"
                        tabindex={0}
                        theme="light"
                      />
                      <span
                        className="errors"
                      >
                        
                      </span>
                    </div>,
                  ],
                  "className": "login-recov-pass",
                  "id": "login-recover",
                },
                "ref": null,
                "rendered": Array [
                  Object {
                    "instance": null,
                    "key": undefined,
                    "nodeType": "host",
                    "props": Object {
                      "children": Array [
                        <input
                          className="loginInput"
                          onChange={[Function]}
                          pattern="^[_a-z0-9-]+(.[_a-z0-9-]+)*@[a-z0-9-]+(.[a-z0-9-]+)*(.[a-z]{2,4})$"
                          placeholder="Enter your e-mail"
                          required={true}
                        />,
                        <button
                          className="login-button btn"
                          onClick={[Function]}
                          value=""
                        >
                          RECOVER
                        </button>,
                      ],
                    },
                    "ref": null,
                    "rendered": Array [
                      Object {
                        "instance": null,
                        "key": undefined,
                        "nodeType": "host",
                        "props": Object {
                          "className": "loginInput",
                          "onChange": [Function],
                          "pattern": "^[_a-z0-9-]+(.[_a-z0-9-]+)*@[a-z0-9-]+(.[a-z0-9-]+)*(.[a-z]{2,4})$",
                          "placeholder": "Enter your e-mail",
                          "required": true,
                        },
                        "ref": null,
                        "rendered": null,
                        "type": "input",
                      },
                      Object {
                        "instance": null,
                        "key": undefined,
                        "nodeType": "host",
                        "props": Object {
                          "children": "RECOVER",
                          "className": "login-button btn",
                          "onClick": [Function],
                          "value": "",
                        },
                        "ref": null,
                        "rendered": "RECOVER",
                        "type": "button",
                      },
                    ],
                    "type": "form",
                  },
                  Object {
                    "instance": null,
                    "key": undefined,
                    "nodeType": "host",
                    "props": Object {
                      "children": Array [
                        <Reaptcha
                          badge="bottomright"
                          className="g-recaptcha"
                          explicit={false}
                          hl="es"
                          id=""
                          inject={true}
                          isolated={false}
                          onExpire={[Function]}
                          onVerify={[Function]}
                          sitekey="6LesI4IUAAAAAHHx9B6OuMjqpVl9bIyLOT3n4y3C"
                          size="normal"
                          tabindex={0}
                          theme="light"
                        />,
                        <span
                          className="errors"
                        >
                          
                        </span>,
                      ],
                      "id": "captcha",
                    },
                    "ref": null,
                    "rendered": Array [
                      Object {
                        "instance": null,
                        "key": undefined,
                        "nodeType": "class",
                        "props": Object {
                          "badge": "bottomright",
                          "className": "g-recaptcha",
                          "explicit": false,
                          "hl": "es",
                          "id": "",
                          "inject": true,
                          "isolated": false,
                          "onExpire": [Function],
                          "onVerify": [Function],
                          "sitekey": "6LesI4IUAAAAAHHx9B6OuMjqpVl9bIyLOT3n4y3C",
                          "size": "normal",
                          "tabindex": 0,
                          "theme": "light",
                        },
                        "ref": null,
                        "rendered": null,
                        "type": [Function],
                      },
                      Object {
                        "instance": null,
                        "key": undefined,
                        "nodeType": "host",
                        "props": Object {
                          "children": "",
                          "className": "errors",
                        },
                        "ref": null,
                        "rendered": "",
                        "type": "span",
                      },
                    ],
                    "type": "div",
                  },
                ],
                "type": "div",
              },
            ],
            "type": "div",
          },
        ],
        "type": "div",
      },
      "type": "div",
    },
  ],
  Symbol(enzyme.__options__): Object {
    "adapter": ReactSixteenAdapter {
      "options": Object {
        "enableComponentDidUpdateOnSetState": true,
        "lifecycles": Object {
          "componentDidUpdate": Object {
            "onSetState": true,
          },
          "getDerivedStateFromProps": true,
          "getSnapshotBeforeUpdate": true,
          "setState": Object {
            "skipsComponentDidUpdateOnNullish": true,
          },
        },
      },
    },
  },
}
`;
