// Jest Snapshot v1, https://goo.gl/fbAQLP

exports[`We can check if Navbar component called the class constructor 1`] = `
ShallowWrapper {
  Symbol(enzyme.__root__): [Circular],
  Symbol(enzyme.__unrendered__): <Navbar />,
  Symbol(enzyme.__renderer__): Object {
    "batchedUpdates": [Function],
    "getNode": [Function],
    "render": [Function],
    "simulateError": [Function],
    "simulateEvent": [Function],
    "unmount": [Function],
  },
  Symbol(enzyme.__node__): Object {
    "instance": null,
    "key": undefined,
    "nodeType": "host",
    "props": Object {
      "children": Array [
        <a
          className="navbar-brand font-weight-bold"
          href="#"
        >
          <img
            height="49px"
            width="149px"
          />
        </a>,
        <button
          aria-controls="navbarSupportedContent"
          aria-expanded="false"
          aria-label="Toggle navigation"
          className="navbar-toggler"
          data-target="#navbarSupportedContent"
          data-toggle="collapse"
          type="button"
        >
          <span
            className="navbar-toggler-icon text-dark"
          />
        </button>,
        <div
          className="collapse navbar-collapse text-center"
          id="navbarSupportedContent"
        >
          <ul
            className="navbar-nav ml-auto "
          >
            <li
              className="nav-item pt-3 text-success"
            >
              <i
                className="fas fa-phone"
              >
                 
              </i>
               
                
            </li>
            <li
              className="nav-item active"
            >
              <a
                className="nav-link text-dark pt-3"
                href="#/catalog"
              >
                <span
                  className="text-success"
                >
                  ::
                </span>
                 
              </a>
            </li>
            <li
              className="nav-item"
            >
              <a
                className="nav-link text-dark pt-3"
                href="#/rates"
              >
                <span
                  className="text-success"
                >
                  ::
                </span>
                 
              </a>
            </li>
            <li
              className="nav-item"
            >
              <a
                className="nav-link text-dark pt-3"
                href="#/company"
              >
                <span
                  className="text-success"
                >
                  ::
                </span>
                 
              </a>
            </li>
            <li
              className="nav-item"
            >
              <a
                className="nav-link text-dark pt-3"
                href="#/contacte"
              >
                <span
                  className="text-success"
                >
                  ::
                </span>
                 
              </a>
            </li>
            <li
              className="nav-item"
            >
              <a
                className="nav-link disabled pt-3"
                href="#/singin"
              >
                 
                <i
                  className="fas fa-sign-in-alt"
                >
                   
                </i>
              </a>
            </li>
            <li
              className="nav-item"
            >
              <a
                className="nav-link text-dark text-align-right"
              >
                <i
                  className="fab fa-2x fa-twitter"
                />
              </a>
            </li>
            <li
              className="nav-item"
            >
              <a
                className="nav-link text-dark"
              >
                <i
                  className="fab fa-2x fa-facebook"
                />
              </a>
            </li>
            <li
              className="nav-item pt-3"
            >
              <select
                className="selectpicker"
                data-width="fit"
                id="langPicker"
                onChange={[Function]}
              >
                <option
                  value="english"
                >
                  English
                </option>
                <option
                  value="spanish"
                >
                  Español
                </option>
                <option
                  value="valencia"
                >
                  Valencià
                </option>
              </select>
            </li>
          </ul>
        </div>,
      ],
      "className": "navRender",
    },
    "ref": null,
    "rendered": Array [
      Object {
        "instance": null,
        "key": undefined,
        "nodeType": "host",
        "props": Object {
          "children": <img
            height="49px"
            width="149px"
          />,
          "className": "navbar-brand font-weight-bold",
          "href": "#",
        },
        "ref": null,
        "rendered": Object {
          "instance": null,
          "key": undefined,
          "nodeType": "host",
          "props": Object {
            "height": "49px",
            "src": undefined,
            "width": "149px",
          },
          "ref": null,
          "rendered": null,
          "type": "img",
        },
        "type": "a",
      },
      Object {
        "instance": null,
        "key": undefined,
        "nodeType": "host",
        "props": Object {
          "aria-controls": "navbarSupportedContent",
          "aria-expanded": "false",
          "aria-label": "Toggle navigation",
          "children": <span
            className="navbar-toggler-icon text-dark"
          />,
          "className": "navbar-toggler",
          "data-target": "#navbarSupportedContent",
          "data-toggle": "collapse",
          "type": "button",
        },
        "ref": null,
        "rendered": Object {
          "instance": null,
          "key": undefined,
          "nodeType": "host",
          "props": Object {
            "className": "navbar-toggler-icon text-dark",
          },
          "ref": null,
          "rendered": null,
          "type": "span",
        },
        "type": "button",
      },
      Object {
        "instance": null,
        "key": undefined,
        "nodeType": "host",
        "props": Object {
          "children": <ul
            className="navbar-nav ml-auto "
          >
            <li
              className="nav-item pt-3 text-success"
            >
              <i
                className="fas fa-phone"
              >
                 
              </i>
               
                
            </li>
            <li
              className="nav-item active"
            >
              <a
                className="nav-link text-dark pt-3"
                href="#/catalog"
              >
                <span
                  className="text-success"
                >
                  ::
                </span>
                 
              </a>
            </li>
            <li
              className="nav-item"
            >
              <a
                className="nav-link text-dark pt-3"
                href="#/rates"
              >
                <span
                  className="text-success"
                >
                  ::
                </span>
                 
              </a>
            </li>
            <li
              className="nav-item"
            >
              <a
                className="nav-link text-dark pt-3"
                href="#/company"
              >
                <span
                  className="text-success"
                >
                  ::
                </span>
                 
              </a>
            </li>
            <li
              className="nav-item"
            >
              <a
                className="nav-link text-dark pt-3"
                href="#/contacte"
              >
                <span
                  className="text-success"
                >
                  ::
                </span>
                 
              </a>
            </li>
            <li
              className="nav-item"
            >
              <a
                className="nav-link disabled pt-3"
                href="#/singin"
              >
                 
                <i
                  className="fas fa-sign-in-alt"
                >
                   
                </i>
              </a>
            </li>
            <li
              className="nav-item"
            >
              <a
                className="nav-link text-dark text-align-right"
              >
                <i
                  className="fab fa-2x fa-twitter"
                />
              </a>
            </li>
            <li
              className="nav-item"
            >
              <a
                className="nav-link text-dark"
              >
                <i
                  className="fab fa-2x fa-facebook"
                />
              </a>
            </li>
            <li
              className="nav-item pt-3"
            >
              <select
                className="selectpicker"
                data-width="fit"
                id="langPicker"
                onChange={[Function]}
              >
                <option
                  value="english"
                >
                  English
                </option>
                <option
                  value="spanish"
                >
                  Español
                </option>
                <option
                  value="valencia"
                >
                  Valencià
                </option>
              </select>
            </li>
          </ul>,
          "className": "collapse navbar-collapse text-center",
          "id": "navbarSupportedContent",
        },
        "ref": null,
        "rendered": Object {
          "instance": null,
          "key": undefined,
          "nodeType": "host",
          "props": Object {
            "children": Array [
              <li
                className="nav-item pt-3 text-success"
              >
                <i
                  className="fas fa-phone"
                >
                   
                </i>
                 
                  
              </li>,
              <li
                className="nav-item active"
              >
                <a
                  className="nav-link text-dark pt-3"
                  href="#/catalog"
                >
                  <span
                    className="text-success"
                  >
                    ::
                  </span>
                   
                </a>
              </li>,
              <li
                className="nav-item"
              >
                <a
                  className="nav-link text-dark pt-3"
                  href="#/rates"
                >
                  <span
                    className="text-success"
                  >
                    ::
                  </span>
                   
                </a>
              </li>,
              <li
                className="nav-item"
              >
                <a
                  className="nav-link text-dark pt-3"
                  href="#/company"
                >
                  <span
                    className="text-success"
                  >
                    ::
                  </span>
                   
                </a>
              </li>,
              <li
                className="nav-item"
              >
                <a
                  className="nav-link text-dark pt-3"
                  href="#/contacte"
                >
                  <span
                    className="text-success"
                  >
                    ::
                  </span>
                   
                </a>
              </li>,
              <li
                className="nav-item"
              >
                <a
                  className="nav-link disabled pt-3"
                  href="#/singin"
                >
                   
                  <i
                    className="fas fa-sign-in-alt"
                  >
                     
                  </i>
                </a>
              </li>,
              <li
                className="nav-item"
              >
                <a
                  className="nav-link text-dark text-align-right"
                >
                  <i
                    className="fab fa-2x fa-twitter"
                  />
                </a>
              </li>,
              <li
                className="nav-item"
              >
                <a
                  className="nav-link text-dark"
                >
                  <i
                    className="fab fa-2x fa-facebook"
                  />
                </a>
              </li>,
              <li
                className="nav-item pt-3"
              >
                <select
                  className="selectpicker"
                  data-width="fit"
                  id="langPicker"
                  onChange={[Function]}
                >
                  <option
                    value="english"
                  >
                    English
                  </option>
                  <option
                    value="spanish"
                  >
                    Español
                  </option>
                  <option
                    value="valencia"
                  >
                    Valencià
                  </option>
                </select>
              </li>,
            ],
            "className": "navbar-nav ml-auto ",
          },
          "ref": null,
          "rendered": Array [
            Object {
              "instance": null,
              "key": undefined,
              "nodeType": "host",
              "props": Object {
                "children": Array [
                  <i
                    className="fas fa-phone"
                  >
                     
                  </i>,
                  " ",
                  undefined,
                  "  ",
                ],
                "className": "nav-item pt-3 text-success",
              },
              "ref": null,
              "rendered": Array [
                Object {
                  "instance": null,
                  "key": undefined,
                  "nodeType": "host",
                  "props": Object {
                    "children": " ",
                    "className": "fas fa-phone",
                  },
                  "ref": null,
                  "rendered": " ",
                  "type": "i",
                },
                " ",
                undefined,
                "  ",
              ],
              "type": "li",
            },
            Object {
              "instance": null,
              "key": undefined,
              "nodeType": "host",
              "props": Object {
                "children": <a
                  className="nav-link text-dark pt-3"
                  href="#/catalog"
                >
                  <span
                    className="text-success"
                  >
                    ::
                  </span>
                   
                </a>,
                "className": "nav-item active",
              },
              "ref": null,
              "rendered": Object {
                "instance": null,
                "key": undefined,
                "nodeType": "host",
                "props": Object {
                  "children": Array [
                    <span
                      className="text-success"
                    >
                      ::
                    </span>,
                    " ",
                    undefined,
                  ],
                  "className": "nav-link text-dark pt-3",
                  "href": "#/catalog",
                },
                "ref": null,
                "rendered": Array [
                  Object {
                    "instance": null,
                    "key": undefined,
                    "nodeType": "host",
                    "props": Object {
                      "children": "::",
                      "className": "text-success",
                    },
                    "ref": null,
                    "rendered": "::",
                    "type": "span",
                  },
                  " ",
                  undefined,
                ],
                "type": "a",
              },
              "type": "li",
            },
            Object {
              "instance": null,
              "key": undefined,
              "nodeType": "host",
              "props": Object {
                "children": <a
                  className="nav-link text-dark pt-3"
                  href="#/rates"
                >
                  <span
                    className="text-success"
                  >
                    ::
                  </span>
                   
                </a>,
                "className": "nav-item",
              },
              "ref": null,
              "rendered": Object {
                "instance": null,
                "key": undefined,
                "nodeType": "host",
                "props": Object {
                  "children": Array [
                    <span
                      className="text-success"
                    >
                      ::
                    </span>,
                    " ",
                    undefined,
                  ],
                  "className": "nav-link text-dark pt-3",
                  "href": "#/rates",
                },
                "ref": null,
                "rendered": Array [
                  Object {
                    "instance": null,
                    "key": undefined,
                    "nodeType": "host",
                    "props": Object {
                      "children": "::",
                      "className": "text-success",
                    },
                    "ref": null,
                    "rendered": "::",
                    "type": "span",
                  },
                  " ",
                  undefined,
                ],
                "type": "a",
              },
              "type": "li",
            },
            Object {
              "instance": null,
              "key": undefined,
              "nodeType": "host",
              "props": Object {
                "children": <a
                  className="nav-link text-dark pt-3"
                  href="#/company"
                >
                  <span
                    className="text-success"
                  >
                    ::
                  </span>
                   
                </a>,
                "className": "nav-item",
              },
              "ref": null,
              "rendered": Object {
                "instance": null,
                "key": undefined,
                "nodeType": "host",
                "props": Object {
                  "children": Array [
                    <span
                      className="text-success"
                    >
                      ::
                    </span>,
                    " ",
                    undefined,
                  ],
                  "className": "nav-link text-dark pt-3",
                  "href": "#/company",
                },
                "ref": null,
                "rendered": Array [
                  Object {
                    "instance": null,
                    "key": undefined,
                    "nodeType": "host",
                    "props": Object {
                      "children": "::",
                      "className": "text-success",
                    },
                    "ref": null,
                    "rendered": "::",
                    "type": "span",
                  },
                  " ",
                  undefined,
                ],
                "type": "a",
              },
              "type": "li",
            },
            Object {
              "instance": null,
              "key": undefined,
              "nodeType": "host",
              "props": Object {
                "children": <a
                  className="nav-link text-dark pt-3"
                  href="#/contacte"
                >
                  <span
                    className="text-success"
                  >
                    ::
                  </span>
                   
                </a>,
                "className": "nav-item",
              },
              "ref": null,
              "rendered": Object {
                "instance": null,
                "key": undefined,
                "nodeType": "host",
                "props": Object {
                  "children": Array [
                    <span
                      className="text-success"
                    >
                      ::
                    </span>,
                    " ",
                    undefined,
                  ],
                  "className": "nav-link text-dark pt-3",
                  "href": "#/contacte",
                },
                "ref": null,
                "rendered": Array [
                  Object {
                    "instance": null,
                    "key": undefined,
                    "nodeType": "host",
                    "props": Object {
                      "children": "::",
                      "className": "text-success",
                    },
                    "ref": null,
                    "rendered": "::",
                    "type": "span",
                  },
                  " ",
                  undefined,
                ],
                "type": "a",
              },
              "type": "li",
            },
            Object {
              "instance": null,
              "key": undefined,
              "nodeType": "host",
              "props": Object {
                "children": <a
                  className="nav-link disabled pt-3"
                  href="#/singin"
                >
                   
                  <i
                    className="fas fa-sign-in-alt"
                  >
                     
                  </i>
                </a>,
                "className": "nav-item",
              },
              "ref": null,
              "rendered": Object {
                "instance": null,
                "key": undefined,
                "nodeType": "host",
                "props": Object {
                  "children": Array [
                    undefined,
                    " ",
                    <i
                      className="fas fa-sign-in-alt"
                    >
                       
                    </i>,
                  ],
                  "className": "nav-link disabled pt-3",
                  "href": "#/singin",
                },
                "ref": null,
                "rendered": Array [
                  undefined,
                  " ",
                  Object {
                    "instance": null,
                    "key": undefined,
                    "nodeType": "host",
                    "props": Object {
                      "children": " ",
                      "className": "fas fa-sign-in-alt",
                    },
                    "ref": null,
                    "rendered": " ",
                    "type": "i",
                  },
                ],
                "type": "a",
              },
              "type": "li",
            },
            Object {
              "instance": null,
              "key": undefined,
              "nodeType": "host",
              "props": Object {
                "children": <a
                  className="nav-link text-dark text-align-right"
                >
                  <i
                    className="fab fa-2x fa-twitter"
                  />
                </a>,
                "className": "nav-item",
              },
              "ref": null,
              "rendered": Object {
                "instance": null,
                "key": undefined,
                "nodeType": "host",
                "props": Object {
                  "children": <i
                    className="fab fa-2x fa-twitter"
                  />,
                  "className": "nav-link text-dark text-align-right",
                  "href": undefined,
                },
                "ref": null,
                "rendered": Object {
                  "instance": null,
                  "key": undefined,
                  "nodeType": "host",
                  "props": Object {
                    "className": "fab fa-2x fa-twitter",
                  },
                  "ref": null,
                  "rendered": null,
                  "type": "i",
                },
                "type": "a",
              },
              "type": "li",
            },
            Object {
              "instance": null,
              "key": undefined,
              "nodeType": "host",
              "props": Object {
                "children": <a
                  className="nav-link text-dark"
                >
                  <i
                    className="fab fa-2x fa-facebook"
                  />
                </a>,
                "className": "nav-item",
              },
              "ref": null,
              "rendered": Object {
                "instance": null,
                "key": undefined,
                "nodeType": "host",
                "props": Object {
                  "children": <i
                    className="fab fa-2x fa-facebook"
                  />,
                  "className": "nav-link text-dark",
                  "href": undefined,
                },
                "ref": null,
                "rendered": Object {
                  "instance": null,
                  "key": undefined,
                  "nodeType": "host",
                  "props": Object {
                    "className": "fab fa-2x fa-facebook",
                  },
                  "ref": null,
                  "rendered": null,
                  "type": "i",
                },
                "type": "a",
              },
              "type": "li",
            },
            Object {
              "instance": null,
              "key": undefined,
              "nodeType": "host",
              "props": Object {
                "children": <select
                  className="selectpicker"
                  data-width="fit"
                  id="langPicker"
                  onChange={[Function]}
                >
                  <option
                    value="english"
                  >
                    English
                  </option>
                  <option
                    value="spanish"
                  >
                    Español
                  </option>
                  <option
                    value="valencia"
                  >
                    Valencià
                  </option>
                </select>,
                "className": "nav-item pt-3",
              },
              "ref": null,
              "rendered": Object {
                "instance": null,
                "key": undefined,
                "nodeType": "host",
                "props": Object {
                  "children": Array [
                    <option
                      value="english"
                    >
                      English
                    </option>,
                    <option
                      value="spanish"
                    >
                      Español
                    </option>,
                    <option
                      value="valencia"
                    >
                      Valencià
                    </option>,
                  ],
                  "className": "selectpicker",
                  "data-width": "fit",
                  "id": "langPicker",
                  "onChange": [Function],
                  "value": undefined,
                },
                "ref": null,
                "rendered": Array [
                  Object {
                    "instance": null,
                    "key": undefined,
                    "nodeType": "host",
                    "props": Object {
                      "children": "English",
                      "value": "english",
                    },
                    "ref": null,
                    "rendered": "English",
                    "type": "option",
                  },
                  Object {
                    "instance": null,
                    "key": undefined,
                    "nodeType": "host",
                    "props": Object {
                      "children": "Español",
                      "value": "spanish",
                    },
                    "ref": null,
                    "rendered": "Español",
                    "type": "option",
                  },
                  Object {
                    "instance": null,
                    "key": undefined,
                    "nodeType": "host",
                    "props": Object {
                      "children": "Valencià",
                      "value": "valencia",
                    },
                    "ref": null,
                    "rendered": "Valencià",
                    "type": "option",
                  },
                ],
                "type": "select",
              },
              "type": "li",
            },
          ],
          "type": "ul",
        },
        "type": "div",
      },
    ],
    "type": "div",
  },
  Symbol(enzyme.__nodes__): Array [
    Object {
      "instance": null,
      "key": undefined,
      "nodeType": "host",
      "props": Object {
        "children": Array [
          <a
            className="navbar-brand font-weight-bold"
            href="#"
          >
            <img
              height="49px"
              width="149px"
            />
          </a>,
          <button
            aria-controls="navbarSupportedContent"
            aria-expanded="false"
            aria-label="Toggle navigation"
            className="navbar-toggler"
            data-target="#navbarSupportedContent"
            data-toggle="collapse"
            type="button"
          >
            <span
              className="navbar-toggler-icon text-dark"
            />
          </button>,
          <div
            className="collapse navbar-collapse text-center"
            id="navbarSupportedContent"
          >
            <ul
              className="navbar-nav ml-auto "
            >
              <li
                className="nav-item pt-3 text-success"
              >
                <i
                  className="fas fa-phone"
                >
                   
                </i>
                 
                  
              </li>
              <li
                className="nav-item active"
              >
                <a
                  className="nav-link text-dark pt-3"
                  href="#/catalog"
                >
                  <span
                    className="text-success"
                  >
                    ::
                  </span>
                   
                </a>
              </li>
              <li
                className="nav-item"
              >
                <a
                  className="nav-link text-dark pt-3"
                  href="#/rates"
                >
                  <span
                    className="text-success"
                  >
                    ::
                  </span>
                   
                </a>
              </li>
              <li
                className="nav-item"
              >
                <a
                  className="nav-link text-dark pt-3"
                  href="#/company"
                >
                  <span
                    className="text-success"
                  >
                    ::
                  </span>
                   
                </a>
              </li>
              <li
                className="nav-item"
              >
                <a
                  className="nav-link text-dark pt-3"
                  href="#/contacte"
                >
                  <span
                    className="text-success"
                  >
                    ::
                  </span>
                   
                </a>
              </li>
              <li
                className="nav-item"
              >
                <a
                  className="nav-link disabled pt-3"
                  href="#/singin"
                >
                   
                  <i
                    className="fas fa-sign-in-alt"
                  >
                     
                  </i>
                </a>
              </li>
              <li
                className="nav-item"
              >
                <a
                  className="nav-link text-dark text-align-right"
                >
                  <i
                    className="fab fa-2x fa-twitter"
                  />
                </a>
              </li>
              <li
                className="nav-item"
              >
                <a
                  className="nav-link text-dark"
                >
                  <i
                    className="fab fa-2x fa-facebook"
                  />
                </a>
              </li>
              <li
                className="nav-item pt-3"
              >
                <select
                  className="selectpicker"
                  data-width="fit"
                  id="langPicker"
                  onChange={[Function]}
                >
                  <option
                    value="english"
                  >
                    English
                  </option>
                  <option
                    value="spanish"
                  >
                    Español
                  </option>
                  <option
                    value="valencia"
                  >
                    Valencià
                  </option>
                </select>
              </li>
            </ul>
          </div>,
        ],
        "className": "navRender",
      },
      "ref": null,
      "rendered": Array [
        Object {
          "instance": null,
          "key": undefined,
          "nodeType": "host",
          "props": Object {
            "children": <img
              height="49px"
              width="149px"
            />,
            "className": "navbar-brand font-weight-bold",
            "href": "#",
          },
          "ref": null,
          "rendered": Object {
            "instance": null,
            "key": undefined,
            "nodeType": "host",
            "props": Object {
              "height": "49px",
              "src": undefined,
              "width": "149px",
            },
            "ref": null,
            "rendered": null,
            "type": "img",
          },
          "type": "a",
        },
        Object {
          "instance": null,
          "key": undefined,
          "nodeType": "host",
          "props": Object {
            "aria-controls": "navbarSupportedContent",
            "aria-expanded": "false",
            "aria-label": "Toggle navigation",
            "children": <span
              className="navbar-toggler-icon text-dark"
            />,
            "className": "navbar-toggler",
            "data-target": "#navbarSupportedContent",
            "data-toggle": "collapse",
            "type": "button",
          },
          "ref": null,
          "rendered": Object {
            "instance": null,
            "key": undefined,
            "nodeType": "host",
            "props": Object {
              "className": "navbar-toggler-icon text-dark",
            },
            "ref": null,
            "rendered": null,
            "type": "span",
          },
          "type": "button",
        },
        Object {
          "instance": null,
          "key": undefined,
          "nodeType": "host",
          "props": Object {
            "children": <ul
              className="navbar-nav ml-auto "
            >
              <li
                className="nav-item pt-3 text-success"
              >
                <i
                  className="fas fa-phone"
                >
                   
                </i>
                 
                  
              </li>
              <li
                className="nav-item active"
              >
                <a
                  className="nav-link text-dark pt-3"
                  href="#/catalog"
                >
                  <span
                    className="text-success"
                  >
                    ::
                  </span>
                   
                </a>
              </li>
              <li
                className="nav-item"
              >
                <a
                  className="nav-link text-dark pt-3"
                  href="#/rates"
                >
                  <span
                    className="text-success"
                  >
                    ::
                  </span>
                   
                </a>
              </li>
              <li
                className="nav-item"
              >
                <a
                  className="nav-link text-dark pt-3"
                  href="#/company"
                >
                  <span
                    className="text-success"
                  >
                    ::
                  </span>
                   
                </a>
              </li>
              <li
                className="nav-item"
              >
                <a
                  className="nav-link text-dark pt-3"
                  href="#/contacte"
                >
                  <span
                    className="text-success"
                  >
                    ::
                  </span>
                   
                </a>
              </li>
              <li
                className="nav-item"
              >
                <a
                  className="nav-link disabled pt-3"
                  href="#/singin"
                >
                   
                  <i
                    className="fas fa-sign-in-alt"
                  >
                     
                  </i>
                </a>
              </li>
              <li
                className="nav-item"
              >
                <a
                  className="nav-link text-dark text-align-right"
                >
                  <i
                    className="fab fa-2x fa-twitter"
                  />
                </a>
              </li>
              <li
                className="nav-item"
              >
                <a
                  className="nav-link text-dark"
                >
                  <i
                    className="fab fa-2x fa-facebook"
                  />
                </a>
              </li>
              <li
                className="nav-item pt-3"
              >
                <select
                  className="selectpicker"
                  data-width="fit"
                  id="langPicker"
                  onChange={[Function]}
                >
                  <option
                    value="english"
                  >
                    English
                  </option>
                  <option
                    value="spanish"
                  >
                    Español
                  </option>
                  <option
                    value="valencia"
                  >
                    Valencià
                  </option>
                </select>
              </li>
            </ul>,
            "className": "collapse navbar-collapse text-center",
            "id": "navbarSupportedContent",
          },
          "ref": null,
          "rendered": Object {
            "instance": null,
            "key": undefined,
            "nodeType": "host",
            "props": Object {
              "children": Array [
                <li
                  className="nav-item pt-3 text-success"
                >
                  <i
                    className="fas fa-phone"
                  >
                     
                  </i>
                   
                    
                </li>,
                <li
                  className="nav-item active"
                >
                  <a
                    className="nav-link text-dark pt-3"
                    href="#/catalog"
                  >
                    <span
                      className="text-success"
                    >
                      ::
                    </span>
                     
                  </a>
                </li>,
                <li
                  className="nav-item"
                >
                  <a
                    className="nav-link text-dark pt-3"
                    href="#/rates"
                  >
                    <span
                      className="text-success"
                    >
                      ::
                    </span>
                     
                  </a>
                </li>,
                <li
                  className="nav-item"
                >
                  <a
                    className="nav-link text-dark pt-3"
                    href="#/company"
                  >
                    <span
                      className="text-success"
                    >
                      ::
                    </span>
                     
                  </a>
                </li>,
                <li
                  className="nav-item"
                >
                  <a
                    className="nav-link text-dark pt-3"
                    href="#/contacte"
                  >
                    <span
                      className="text-success"
                    >
                      ::
                    </span>
                     
                  </a>
                </li>,
                <li
                  className="nav-item"
                >
                  <a
                    className="nav-link disabled pt-3"
                    href="#/singin"
                  >
                     
                    <i
                      className="fas fa-sign-in-alt"
                    >
                       
                    </i>
                  </a>
                </li>,
                <li
                  className="nav-item"
                >
                  <a
                    className="nav-link text-dark text-align-right"
                  >
                    <i
                      className="fab fa-2x fa-twitter"
                    />
                  </a>
                </li>,
                <li
                  className="nav-item"
                >
                  <a
                    className="nav-link text-dark"
                  >
                    <i
                      className="fab fa-2x fa-facebook"
                    />
                  </a>
                </li>,
                <li
                  className="nav-item pt-3"
                >
                  <select
                    className="selectpicker"
                    data-width="fit"
                    id="langPicker"
                    onChange={[Function]}
                  >
                    <option
                      value="english"
                    >
                      English
                    </option>
                    <option
                      value="spanish"
                    >
                      Español
                    </option>
                    <option
                      value="valencia"
                    >
                      Valencià
                    </option>
                  </select>
                </li>,
              ],
              "className": "navbar-nav ml-auto ",
            },
            "ref": null,
            "rendered": Array [
              Object {
                "instance": null,
                "key": undefined,
                "nodeType": "host",
                "props": Object {
                  "children": Array [
                    <i
                      className="fas fa-phone"
                    >
                       
                    </i>,
                    " ",
                    undefined,
                    "  ",
                  ],
                  "className": "nav-item pt-3 text-success",
                },
                "ref": null,
                "rendered": Array [
                  Object {
                    "instance": null,
                    "key": undefined,
                    "nodeType": "host",
                    "props": Object {
                      "children": " ",
                      "className": "fas fa-phone",
                    },
                    "ref": null,
                    "rendered": " ",
                    "type": "i",
                  },
                  " ",
                  undefined,
                  "  ",
                ],
                "type": "li",
              },
              Object {
                "instance": null,
                "key": undefined,
                "nodeType": "host",
                "props": Object {
                  "children": <a
                    className="nav-link text-dark pt-3"
                    href="#/catalog"
                  >
                    <span
                      className="text-success"
                    >
                      ::
                    </span>
                     
                  </a>,
                  "className": "nav-item active",
                },
                "ref": null,
                "rendered": Object {
                  "instance": null,
                  "key": undefined,
                  "nodeType": "host",
                  "props": Object {
                    "children": Array [
                      <span
                        className="text-success"
                      >
                        ::
                      </span>,
                      " ",
                      undefined,
                    ],
                    "className": "nav-link text-dark pt-3",
                    "href": "#/catalog",
                  },
                  "ref": null,
                  "rendered": Array [
                    Object {
                      "instance": null,
                      "key": undefined,
                      "nodeType": "host",
                      "props": Object {
                        "children": "::",
                        "className": "text-success",
                      },
                      "ref": null,
                      "rendered": "::",
                      "type": "span",
                    },
                    " ",
                    undefined,
                  ],
                  "type": "a",
                },
                "type": "li",
              },
              Object {
                "instance": null,
                "key": undefined,
                "nodeType": "host",
                "props": Object {
                  "children": <a
                    className="nav-link text-dark pt-3"
                    href="#/rates"
                  >
                    <span
                      className="text-success"
                    >
                      ::
                    </span>
                     
                  </a>,
                  "className": "nav-item",
                },
                "ref": null,
                "rendered": Object {
                  "instance": null,
                  "key": undefined,
                  "nodeType": "host",
                  "props": Object {
                    "children": Array [
                      <span
                        className="text-success"
                      >
                        ::
                      </span>,
                      " ",
                      undefined,
                    ],
                    "className": "nav-link text-dark pt-3",
                    "href": "#/rates",
                  },
                  "ref": null,
                  "rendered": Array [
                    Object {
                      "instance": null,
                      "key": undefined,
                      "nodeType": "host",
                      "props": Object {
                        "children": "::",
                        "className": "text-success",
                      },
                      "ref": null,
                      "rendered": "::",
                      "type": "span",
                    },
                    " ",
                    undefined,
                  ],
                  "type": "a",
                },
                "type": "li",
              },
              Object {
                "instance": null,
                "key": undefined,
                "nodeType": "host",
                "props": Object {
                  "children": <a
                    className="nav-link text-dark pt-3"
                    href="#/company"
                  >
                    <span
                      className="text-success"
                    >
                      ::
                    </span>
                     
                  </a>,
                  "className": "nav-item",
                },
                "ref": null,
                "rendered": Object {
                  "instance": null,
                  "key": undefined,
                  "nodeType": "host",
                  "props": Object {
                    "children": Array [
                      <span
                        className="text-success"
                      >
                        ::
                      </span>,
                      " ",
                      undefined,
                    ],
                    "className": "nav-link text-dark pt-3",
                    "href": "#/company",
                  },
                  "ref": null,
                  "rendered": Array [
                    Object {
                      "instance": null,
                      "key": undefined,
                      "nodeType": "host",
                      "props": Object {
                        "children": "::",
                        "className": "text-success",
                      },
                      "ref": null,
                      "rendered": "::",
                      "type": "span",
                    },
                    " ",
                    undefined,
                  ],
                  "type": "a",
                },
                "type": "li",
              },
              Object {
                "instance": null,
                "key": undefined,
                "nodeType": "host",
                "props": Object {
                  "children": <a
                    className="nav-link text-dark pt-3"
                    href="#/contacte"
                  >
                    <span
                      className="text-success"
                    >
                      ::
                    </span>
                     
                  </a>,
                  "className": "nav-item",
                },
                "ref": null,
                "rendered": Object {
                  "instance": null,
                  "key": undefined,
                  "nodeType": "host",
                  "props": Object {
                    "children": Array [
                      <span
                        className="text-success"
                      >
                        ::
                      </span>,
                      " ",
                      undefined,
                    ],
                    "className": "nav-link text-dark pt-3",
                    "href": "#/contacte",
                  },
                  "ref": null,
                  "rendered": Array [
                    Object {
                      "instance": null,
                      "key": undefined,
                      "nodeType": "host",
                      "props": Object {
                        "children": "::",
                        "className": "text-success",
                      },
                      "ref": null,
                      "rendered": "::",
                      "type": "span",
                    },
                    " ",
                    undefined,
                  ],
                  "type": "a",
                },
                "type": "li",
              },
              Object {
                "instance": null,
                "key": undefined,
                "nodeType": "host",
                "props": Object {
                  "children": <a
                    className="nav-link disabled pt-3"
                    href="#/singin"
                  >
                     
                    <i
                      className="fas fa-sign-in-alt"
                    >
                       
                    </i>
                  </a>,
                  "className": "nav-item",
                },
                "ref": null,
                "rendered": Object {
                  "instance": null,
                  "key": undefined,
                  "nodeType": "host",
                  "props": Object {
                    "children": Array [
                      undefined,
                      " ",
                      <i
                        className="fas fa-sign-in-alt"
                      >
                         
                      </i>,
                    ],
                    "className": "nav-link disabled pt-3",
                    "href": "#/singin",
                  },
                  "ref": null,
                  "rendered": Array [
                    undefined,
                    " ",
                    Object {
                      "instance": null,
                      "key": undefined,
                      "nodeType": "host",
                      "props": Object {
                        "children": " ",
                        "className": "fas fa-sign-in-alt",
                      },
                      "ref": null,
                      "rendered": " ",
                      "type": "i",
                    },
                  ],
                  "type": "a",
                },
                "type": "li",
              },
              Object {
                "instance": null,
                "key": undefined,
                "nodeType": "host",
                "props": Object {
                  "children": <a
                    className="nav-link text-dark text-align-right"
                  >
                    <i
                      className="fab fa-2x fa-twitter"
                    />
                  </a>,
                  "className": "nav-item",
                },
                "ref": null,
                "rendered": Object {
                  "instance": null,
                  "key": undefined,
                  "nodeType": "host",
                  "props": Object {
                    "children": <i
                      className="fab fa-2x fa-twitter"
                    />,
                    "className": "nav-link text-dark text-align-right",
                    "href": undefined,
                  },
                  "ref": null,
                  "rendered": Object {
                    "instance": null,
                    "key": undefined,
                    "nodeType": "host",
                    "props": Object {
                      "className": "fab fa-2x fa-twitter",
                    },
                    "ref": null,
                    "rendered": null,
                    "type": "i",
                  },
                  "type": "a",
                },
                "type": "li",
              },
              Object {
                "instance": null,
                "key": undefined,
                "nodeType": "host",
                "props": Object {
                  "children": <a
                    className="nav-link text-dark"
                  >
                    <i
                      className="fab fa-2x fa-facebook"
                    />
                  </a>,
                  "className": "nav-item",
                },
                "ref": null,
                "rendered": Object {
                  "instance": null,
                  "key": undefined,
                  "nodeType": "host",
                  "props": Object {
                    "children": <i
                      className="fab fa-2x fa-facebook"
                    />,
                    "className": "nav-link text-dark",
                    "href": undefined,
                  },
                  "ref": null,
                  "rendered": Object {
                    "instance": null,
                    "key": undefined,
                    "nodeType": "host",
                    "props": Object {
                      "className": "fab fa-2x fa-facebook",
                    },
                    "ref": null,
                    "rendered": null,
                    "type": "i",
                  },
                  "type": "a",
                },
                "type": "li",
              },
              Object {
                "instance": null,
                "key": undefined,
                "nodeType": "host",
                "props": Object {
                  "children": <select
                    className="selectpicker"
                    data-width="fit"
                    id="langPicker"
                    onChange={[Function]}
                  >
                    <option
                      value="english"
                    >
                      English
                    </option>
                    <option
                      value="spanish"
                    >
                      Español
                    </option>
                    <option
                      value="valencia"
                    >
                      Valencià
                    </option>
                  </select>,
                  "className": "nav-item pt-3",
                },
                "ref": null,
                "rendered": Object {
                  "instance": null,
                  "key": undefined,
                  "nodeType": "host",
                  "props": Object {
                    "children": Array [
                      <option
                        value="english"
                      >
                        English
                      </option>,
                      <option
                        value="spanish"
                      >
                        Español
                      </option>,
                      <option
                        value="valencia"
                      >
                        Valencià
                      </option>,
                    ],
                    "className": "selectpicker",
                    "data-width": "fit",
                    "id": "langPicker",
                    "onChange": [Function],
                    "value": undefined,
                  },
                  "ref": null,
                  "rendered": Array [
                    Object {
                      "instance": null,
                      "key": undefined,
                      "nodeType": "host",
                      "props": Object {
                        "children": "English",
                        "value": "english",
                      },
                      "ref": null,
                      "rendered": "English",
                      "type": "option",
                    },
                    Object {
                      "instance": null,
                      "key": undefined,
                      "nodeType": "host",
                      "props": Object {
                        "children": "Español",
                        "value": "spanish",
                      },
                      "ref": null,
                      "rendered": "Español",
                      "type": "option",
                    },
                    Object {
                      "instance": null,
                      "key": undefined,
                      "nodeType": "host",
                      "props": Object {
                        "children": "Valencià",
                        "value": "valencia",
                      },
                      "ref": null,
                      "rendered": "Valencià",
                      "type": "option",
                    },
                  ],
                  "type": "select",
                },
                "type": "li",
              },
            ],
            "type": "ul",
          },
          "type": "div",
        },
      ],
      "type": "div",
    },
  ],
  Symbol(enzyme.__options__): Object {
    "adapter": ReactSixteenAdapter {
      "options": Object {
        "enableComponentDidUpdateOnSetState": true,
        "lifecycles": Object {
          "componentDidUpdate": Object {
            "onSetState": true,
          },
          "getDerivedStateFromProps": true,
          "getSnapshotBeforeUpdate": true,
          "setState": Object {
            "skipsComponentDidUpdateOnNullish": true,
          },
        },
      },
    },
  },
}
`;
